Archive member included to satisfy reference by file (symbol)

C:/STM_IDE/STM32CubeIDE_1.16.1/STM32CubeIDE/plugins/com.st.stm32cube.ide.mcu.externaltools.gnu-tools-for-stm32.12.3.rel1.win32_1.0.200.202406191623/tools/bin/../lib/gcc/arm-none-eabi/12.3.1/../../../../arm-none-eabi/lib/thumb/v7-m/nofp\libc_nano.a(libc_a-exit.o)
                              C:/STM_IDE/STM32CubeIDE_1.16.1/STM32CubeIDE/plugins/com.st.stm32cube.ide.mcu.externaltools.gnu-tools-for-stm32.12.3.rel1.win32_1.0.200.202406191623/tools/bin/../lib/gcc/arm-none-eabi/12.3.1/../../../../arm-none-eabi/lib/thumb/v7-m/nofp/crt0.o (exit)
C:/STM_IDE/STM32CubeIDE_1.16.1/STM32CubeIDE/plugins/com.st.stm32cube.ide.mcu.externaltools.gnu-tools-for-stm32.12.3.rel1.win32_1.0.200.202406191623/tools/bin/../lib/gcc/arm-none-eabi/12.3.1/../../../../arm-none-eabi/lib/thumb/v7-m/nofp\libc_nano.a(libc_a-findfp.o)
                              C:/STM_IDE/STM32CubeIDE_1.16.1/STM32CubeIDE/plugins/com.st.stm32cube.ide.mcu.externaltools.gnu-tools-for-stm32.12.3.rel1.win32_1.0.200.202406191623/tools/bin/../lib/gcc/arm-none-eabi/12.3.1/../../../../arm-none-eabi/lib/thumb/v7-m/nofp\libc_nano.a(libc_a-exit.o) (__stdio_exit_handler)
C:/STM_IDE/STM32CubeIDE_1.16.1/STM32CubeIDE/plugins/com.st.stm32cube.ide.mcu.externaltools.gnu-tools-for-stm32.12.3.rel1.win32_1.0.200.202406191623/tools/bin/../lib/gcc/arm-none-eabi/12.3.1/../../../../arm-none-eabi/lib/thumb/v7-m/nofp\libc_nano.a(libc_a-fwalk.o)
                              C:/STM_IDE/STM32CubeIDE_1.16.1/STM32CubeIDE/plugins/com.st.stm32cube.ide.mcu.externaltools.gnu-tools-for-stm32.12.3.rel1.win32_1.0.200.202406191623/tools/bin/../lib/gcc/arm-none-eabi/12.3.1/../../../../arm-none-eabi/lib/thumb/v7-m/nofp\libc_nano.a(libc_a-findfp.o) (_fwalk_sglue)
C:/STM_IDE/STM32CubeIDE_1.16.1/STM32CubeIDE/plugins/com.st.stm32cube.ide.mcu.externaltools.gnu-tools-for-stm32.12.3.rel1.win32_1.0.200.202406191623/tools/bin/../lib/gcc/arm-none-eabi/12.3.1/../../../../arm-none-eabi/lib/thumb/v7-m/nofp\libc_nano.a(libc_a-sprintf.o)
                              ./Core/Src/display/oled_display.o (sprintf)
C:/STM_IDE/STM32CubeIDE_1.16.1/STM32CubeIDE/plugins/com.st.stm32cube.ide.mcu.externaltools.gnu-tools-for-stm32.12.3.rel1.win32_1.0.200.202406191623/tools/bin/../lib/gcc/arm-none-eabi/12.3.1/../../../../arm-none-eabi/lib/thumb/v7-m/nofp\libc_nano.a(libc_a-stdio.o)
                              C:/STM_IDE/STM32CubeIDE_1.16.1/STM32CubeIDE/plugins/com.st.stm32cube.ide.mcu.externaltools.gnu-tools-for-stm32.12.3.rel1.win32_1.0.200.202406191623/tools/bin/../lib/gcc/arm-none-eabi/12.3.1/../../../../arm-none-eabi/lib/thumb/v7-m/nofp\libc_nano.a(libc_a-findfp.o) (__sread)
C:/STM_IDE/STM32CubeIDE_1.16.1/STM32CubeIDE/plugins/com.st.stm32cube.ide.mcu.externaltools.gnu-tools-for-stm32.12.3.rel1.win32_1.0.200.202406191623/tools/bin/../lib/gcc/arm-none-eabi/12.3.1/../../../../arm-none-eabi/lib/thumb/v7-m/nofp\libc_nano.a(libc_a-memset.o)
                              C:/STM_IDE/STM32CubeIDE_1.16.1/STM32CubeIDE/plugins/com.st.stm32cube.ide.mcu.externaltools.gnu-tools-for-stm32.12.3.rel1.win32_1.0.200.202406191623/tools/bin/../lib/gcc/arm-none-eabi/12.3.1/../../../../arm-none-eabi/lib/thumb/v7-m/nofp/crt0.o (memset)
C:/STM_IDE/STM32CubeIDE_1.16.1/STM32CubeIDE/plugins/com.st.stm32cube.ide.mcu.externaltools.gnu-tools-for-stm32.12.3.rel1.win32_1.0.200.202406191623/tools/bin/../lib/gcc/arm-none-eabi/12.3.1/../../../../arm-none-eabi/lib/thumb/v7-m/nofp\libc_nano.a(libc_a-closer.o)
                              C:/STM_IDE/STM32CubeIDE_1.16.1/STM32CubeIDE/plugins/com.st.stm32cube.ide.mcu.externaltools.gnu-tools-for-stm32.12.3.rel1.win32_1.0.200.202406191623/tools/bin/../lib/gcc/arm-none-eabi/12.3.1/../../../../arm-none-eabi/lib/thumb/v7-m/nofp\libc_nano.a(libc_a-stdio.o) (_close_r)
C:/STM_IDE/STM32CubeIDE_1.16.1/STM32CubeIDE/plugins/com.st.stm32cube.ide.mcu.externaltools.gnu-tools-for-stm32.12.3.rel1.win32_1.0.200.202406191623/tools/bin/../lib/gcc/arm-none-eabi/12.3.1/../../../../arm-none-eabi/lib/thumb/v7-m/nofp\libc_nano.a(libc_a-reent.o)
                              C:/STM_IDE/STM32CubeIDE_1.16.1/STM32CubeIDE/plugins/com.st.stm32cube.ide.mcu.externaltools.gnu-tools-for-stm32.12.3.rel1.win32_1.0.200.202406191623/tools/bin/../lib/gcc/arm-none-eabi/12.3.1/../../../../arm-none-eabi/lib/thumb/v7-m/nofp\libc_nano.a(libc_a-closer.o) (errno)
C:/STM_IDE/STM32CubeIDE_1.16.1/STM32CubeIDE/plugins/com.st.stm32cube.ide.mcu.externaltools.gnu-tools-for-stm32.12.3.rel1.win32_1.0.200.202406191623/tools/bin/../lib/gcc/arm-none-eabi/12.3.1/../../../../arm-none-eabi/lib/thumb/v7-m/nofp\libc_nano.a(libc_a-impure.o)
                              C:/STM_IDE/STM32CubeIDE_1.16.1/STM32CubeIDE/plugins/com.st.stm32cube.ide.mcu.externaltools.gnu-tools-for-stm32.12.3.rel1.win32_1.0.200.202406191623/tools/bin/../lib/gcc/arm-none-eabi/12.3.1/../../../../arm-none-eabi/lib/thumb/v7-m/nofp\libc_nano.a(libc_a-sprintf.o) (_impure_ptr)
[...]
Memory Configuration

Name             Origin             Length             Attributes
RAM              0x20000000         0x00005000         xrw
FLASH            0x08000000         0x00010000         xr
*default*        0x00000000         0xffffffff

Linker script and memory map

LOAD C:/STM_IDE/STM32CubeIDE_1.16.1/STM32CubeIDE/plugins/com.st.stm32cube.ide.mcu.externaltools.gnu-tools-for-stm32.12.3.rel1.win32_1.0.200.202406191623/tools/bin/../lib/gcc/arm-none-eabi/12.3.1/thumb/v7-m/nofp/crti.o
LOAD C:/STM_IDE/STM32CubeIDE_1.16.1/STM32CubeIDE/plugins/com.st.stm32cube.ide.mcu.externaltools.gnu-tools-for-stm32.12.3.rel1.win32_1.0.200.202406191623/tools/bin/../lib/gcc/arm-none-eabi/12.3.1/thumb/v7-m/nofp/crtbegin.o
LOAD C:/STM_IDE/STM32CubeIDE_1.16.1/STM32CubeIDE/plugins/com.st.stm32cube.ide.mcu.externaltools.gnu-tools-for-stm32.12.3.rel1.win32_1.0.200.202406191623/tools/bin/../lib/gcc/arm-none-eabi/12.3.1/../../../../arm-none-eabi/lib/thumb/v7-m/nofp/crt0.o
LOAD ./Core/Src/display/oled_display.o
LOAD ./Core/Src/display/ssd1306.o
LOAD ./Core/Src/display/ssd1306_fonts.o
LOAD ./Core/Src/main.o
LOAD ./Core/Src/stm32f1xx_hal_msp.o
LOAD ./Core/Src/stm32f1xx_it.o
LOAD ./Core/Src/syscalls.o
LOAD ./Core/Src/sysmem.o
LOAD ./Core/Src/system_stm32f1xx.o
LOAD ./Core/Startup/startup_stm32f103c8tx.o
LOAD ./Drivers/STM32F1xx_HAL_Driver/Src/stm32f1xx_hal.o
LOAD ./Drivers/STM32F1xx_HAL_Driver/Src/stm32f1xx_hal_cortex.o
LOAD ./Drivers/STM32F1xx_HAL_Driver/Src/stm32f1xx_hal_dma.o
LOAD ./Drivers/STM32F1xx_HAL_Driver/Src/stm32f1xx_hal_exti.o
LOAD ./Drivers/STM32F1xx_HAL_Driver/Src/stm32f1xx_hal_flash.o
LOAD ./Drivers/STM32F1xx_HAL_Driver/Src/stm32f1xx_hal_flash_ex.o
LOAD ./Drivers/STM32F1xx_HAL_Driver/Src/stm32f1xx_hal_gpio.o
LOAD ./Drivers/STM32F1xx_HAL_Driver/Src/stm32f1xx_hal_gpio_ex.o
LOAD ./Drivers/STM32F1xx_HAL_Driver/Src/stm32f1xx_hal_i2c.o
LOAD ./Drivers/STM32F1xx_HAL_Driver/Src/stm32f1xx_hal_pwr.o
LOAD ./Drivers/STM32F1xx_HAL_Driver/Src/stm32f1xx_hal_rcc.o
LOAD ./Drivers/STM32F1xx_HAL_Driver/Src/stm32f1xx_hal_rcc_ex.o
LOAD ./Drivers/STM32F1xx_HAL_Driver/Src/stm32f1xx_hal_tim.o
LOAD ./Drivers/STM32F1xx_HAL_Driver/Src/stm32f1xx_hal_tim_ex.o
START GROUP
LOAD C:/STM_IDE/STM32CubeIDE_1.16.1/STM32CubeIDE/plugins/com.st.stm32cube.ide.mcu.externaltools.gnu-tools-for-stm32.12.3.rel1.win32_1.0.200.202406191623/tools/bin/../lib/gcc/arm-none-eabi/12.3.1/../../../../arm-none-eabi/lib/thumb/v7-m/nofp\libc_nano.a
LOAD C:/STM_IDE/STM32CubeIDE_1.16.1/STM32CubeIDE/plugins/com.st.stm32cube.ide.mcu.externaltools.gnu-tools-for-stm32.12.3.rel1.win32_1.0.200.202406191623/tools/bin/../lib/gcc/arm-none-eabi/12.3.1/../../../../arm-none-eabi/lib/thumb/v7-m/nofp\libm.a
END GROUP
START GROUP
LOAD C:/STM_IDE/STM32CubeIDE_1.16.1/STM32CubeIDE/plugins/com.st.stm32cube.ide.mcu.externaltools.gnu-tools-for-stm32.12.3.rel1.win32_1.0.200.202406191623/tools/bin/../lib/gcc/arm-none-eabi/12.3.1/thumb/v7-m/nofp\libgcc.a
LOAD C:/STM_IDE/STM32CubeIDE_1.16.1/STM32CubeIDE/plugins/com.st.stm32cube.ide.mcu.externaltools.gnu-tools-for-stm32.12.3.rel1.win32_1.0.200.202406191623/tools/bin/../lib/gcc/arm-none-eabi/12.3.1/../../../../arm-none-eabi/lib/thumb/v7-m/nofp\libc_nano.a
END GROUP
START GROUP
LOAD C:/STM_IDE/STM32CubeIDE_1.16.1/STM32CubeIDE/plugins/com.st.stm32cube.ide.mcu.externaltools.gnu-tools-for-stm32.12.3.rel1.win32_1.0.200.202406191623/tools/bin/../lib/gcc/arm-none-eabi/12.3.1/thumb/v7-m/nofp\libgcc.a
LOAD C:/STM_IDE/STM32CubeIDE_1.16.1/STM32CubeIDE/plugins/com.st.stm32cube.ide.mcu.externaltools.gnu-tools-for-stm32.12.3.rel1.win32_1.0.200.202406191623/tools/bin/../lib/gcc/arm-none-eabi/12.3.1/../../../../arm-none-eabi/lib/thumb/v7-m/nofp\libc_nano.a
LOAD C:/STM_IDE/STM32CubeIDE_1.16.1/STM32CubeIDE/plugins/com.st.stm32cube.ide.mcu.externaltools.gnu-tools-for-stm32.12.3.rel1.win32_1.0.200.202406191623/tools/bin/../lib/gcc/arm-none-eabi/12.3.1/../../../../arm-none-eabi/lib/thumb/v7-m/nofp\libnosys.a
END GROUP
START GROUP
LOAD C:/STM_IDE/STM32CubeIDE_1.16.1/STM32CubeIDE/plugins/com.st.stm32cube.ide.mcu.externaltools.gnu-tools-for-stm32.12.3.rel1.win32_1.0.200.202406191623/tools/bin/../lib/gcc/arm-none-eabi/12.3.1/thumb/v7-m/nofp\libgcc.a
LOAD C:/STM_IDE/STM32CubeIDE_1.16.1/STM32CubeIDE/plugins/com.st.stm32cube.ide.mcu.externaltools.gnu-tools-for-stm32.12.3.rel1.win32_1.0.200.202406191623/tools/bin/../lib/gcc/arm-none-eabi/12.3.1/../../../../arm-none-eabi/lib/thumb/v7-m/nofp\libc_nano.a
LOAD C:/STM_IDE/STM32CubeIDE_1.16.1/STM32CubeIDE/plugins/com.st.stm32cube.ide.mcu.externaltools.gnu-tools-for-stm32.12.3.rel1.win32_1.0.200.202406191623/tools/bin/../lib/gcc/arm-none-eabi/12.3.1/../../../../arm-none-eabi/lib/thumb/v7-m/nofp\libnosys.a
END GROUP
LOAD C:/STM_IDE/STM32CubeIDE_1.16.1/STM32CubeIDE/plugins/com.st.stm32cube.ide.mcu.externaltools.gnu-tools-for-stm32.12.3.rel1.win32_1.0.200.202406191623/tools/bin/../lib/gcc/arm-none-eabi/12.3.1/thumb/v7-m/nofp/crtend.o
LOAD C:/STM_IDE/STM32CubeIDE_1.16.1/STM32CubeIDE/plugins/com.st.stm32cube.ide.mcu.externaltools.gnu-tools-for-stm32.12.3.rel1.win32_1.0.200.202406191623/tools/bin/../lib/gcc/arm-none-eabi/12.3.1/thumb/v7-m/nofp/crtn.o
                0x20005000                        _estack = (ORIGIN (RAM) + LENGTH (RAM))
                0x00000200                        _Min_Heap_Size = 0x200
                0x00000400                        _Min_Stack_Size = 0x400

.isr_vector     0x08000000      0x10c
                0x08000000                        . = ALIGN (0x4)
 *(.isr_vector)
 .isr_vector    0x08000000      0x10c ./Core/Startup/startup_stm32f103c8tx.o
                0x08000000                g_pfnVectors
                0x0800010c                        . = ALIGN (0x4)

.text           0x0800010c     0x3ec4
                0x0800010c                        . = ALIGN (0x4)
 *(.text)
 .text          0x0800010c       0x40 C:/STM_IDE/STM32CubeIDE_1.16.1/STM32CubeIDE/plugins/com.st.stm32cube.ide.mcu.externaltools.gnu-tools-for-stm32.12.3.rel1.win32_1.0.200.202406191623/tools/bin/../lib/gcc/arm-none-eabi/12.3.1/thumb/v7-m/nofp/crtbegin.o
 *(.text*)
 .text.oled_init
                0x0800014c        0xc ./Core/Src/display/oled_display.o
                0x0800014c                oled_init
 .text.oled_display_wavelength_and_distance
                0x08000158       0x74 ./Core/Src/display/oled_display.o
                0x08000158                oled_display_wavelength_and_distance
 .text.ssd1306_Reset
                0x080001cc        0xc ./Core/Src/display/ssd1306.o
                0x080001cc                ssd1306_Reset
 .text.ssd1306_WriteCommand
                0x080001d8       0x30 ./Core/Src/display/ssd1306.o
                0x080001d8                ssd1306_WriteCommand
 .text.ssd1306_WriteData
                0x08000208       0x34 ./Core/Src/display/ssd1306.o
                0x08000208                ssd1306_WriteData
 .text.ssd1306_Init
                0x0800023c       0xd4 ./Core/Src/display/ssd1306.o
                0x0800023c                ssd1306_Init
 .text.ssd1306_Fill
                0x08000310       0x30 ./Core/Src/display/ssd1306.o
                0x08000310                ssd1306_Fill
 .text.ssd1306_UpdateScreen
                0x08000340       0x50 ./Core/Src/display/ssd1306.o
                0x08000340                ssd1306_UpdateScreen
 .text.ssd1306_DrawPixel
                0x08000390       0xa4 ./Core/Src/display/ssd1306.o
                0x08000390                ssd1306_DrawPixel
 .text.ssd1306_WriteChar
                0x08000434      0x120 ./Core/Src/display/ssd1306.o
                0x08000434                ssd1306_WriteChar
 .text.ssd1306_WriteString
                0x08000554       0x4c ./Core/Src/display/ssd1306.o
                0x08000554                ssd1306_WriteString
 .text.ssd1306_SetCursor
                0x080005a0       0x30 ./Core/Src/display/ssd1306.o
                0x080005a0                ssd1306_SetCursor
 .text.ssd1306_SetContrast
                0x080005d0       0x26 ./Core/Src/display/ssd1306.o
                0x080005d0                ssd1306_SetContrast
 *fill*         0x080005f6        0x2 
 .text.ssd1306_SetDisplayOn
                0x080005f8       0x3c ./Core/Src/display/ssd1306.o
                0x080005f8                ssd1306_SetDisplayOn
 .text.main     0x08000634       0xac ./Core/Src/main.o
                0x08000634                main
 .text.SystemClock_Config
                0x080006e0       0x8a ./Core/Src/main.o
                0x080006e0                SystemClock_Config
 *fill*         0x0800076a        0x2 
 .text.MX_I2C1_Init
                0x0800076c       0x5c ./Core/Src/main.o
 .text.MX_TIM1_Init
                0x080007c8       0xb0 ./Core/Src/main.o
 .text.MX_TIM2_Init
                0x08000878      0x134 ./Core/Src/main.o
 .text.MX_GPIO_Init
                0x080009ac       0xc8 ./Core/Src/main.o
 .text.DWT_Delay_Init
                0x08000a74       0x34 ./Core/Src/main.o
 .text.delay_us
                0x08000aa8       0x4c ./Core/Src/main.o
 .text.Error_Handler
                0x08000af4        0xc ./Core/Src/main.o
                0x08000af4                Error_Handler
 .text.HAL_MspInit
                0x08000b00       0x64 ./Core/Src/stm32f1xx_hal_msp.o
                0x08000b00                HAL_MspInit
 .text.HAL_I2C_MspInit
                0x08000b64       0x7c ./Core/Src/stm32f1xx_hal_msp.o
                0x08000b64                HAL_I2C_MspInit
 .text.HAL_TIM_Base_MspInit
                0x08000be0       0xc0 ./Core/Src/stm32f1xx_hal_msp.o
                0x08000be0                HAL_TIM_Base_MspInit
 .text.NMI_Handler
                0x08000ca0        0x8 ./Core/Src/stm32f1xx_it.o
                0x08000ca0                NMI_Handler
 .text.HardFault_Handler
                0x08000ca8        0x8 ./Core/Src/stm32f1xx_it.o
                0x08000ca8                HardFault_Handler
 .text.MemManage_Handler
                0x08000cb0        0x8 ./Core/Src/stm32f1xx_it.o
                0x08000cb0                MemManage_Handler
 .text.BusFault_Handler
                0x08000cb8        0x8 ./Core/Src/stm32f1xx_it.o
                0x08000cb8                BusFault_Handler
 .text.UsageFault_Handler
                0x08000cc0        0x8 ./Core/Src/stm32f1xx_it.o
                0x08000cc0                UsageFault_Handler
 .text.SVC_Handler
                0x08000cc8        0xc ./Core/Src/stm32f1xx_it.o
                0x08000cc8                SVC_Handler
 .text.DebugMon_Handler
                0x08000cd4        0xc ./Core/Src/stm32f1xx_it.o
                0x08000cd4                DebugMon_Handler
 .text.PendSV_Handler
                0x08000ce0        0xc ./Core/Src/stm32f1xx_it.o
                0x08000ce0                PendSV_Handler
 .text.SysTick_Handler
                0x08000cec        0xc ./Core/Src/stm32f1xx_it.o
                0x08000cec                SysTick_Handler
 .text.TIM1_UP_IRQHandler
                0x08000cf8       0x14 ./Core/Src/stm32f1xx_it.o
                0x08000cf8                TIM1_UP_IRQHandler
 .text.TIM2_IRQHandler
                0x08000d0c       0x14 ./Core/Src/stm32f1xx_it.o
                0x08000d0c                TIM2_IRQHandler
 .text.HAL_TIM_IC_CaptureCallback
                0x08000d20       0x40 ./Core/Src/stm32f1xx_it.o
                0x08000d20                HAL_TIM_IC_CaptureCallback
 .text._sbrk    0x08000d60       0x6c ./Core/Src/sysmem.o
                0x08000d60                _sbrk
 .text.SystemInit
                0x08000dcc        0xc ./Core/Src/system_stm32f1xx.o
                0x08000dcc                SystemInit
 .text.Reset_Handler
                0x08000dd8       0x48 ./Core/Startup/startup_stm32f103c8tx.o
                0x08000dd8                Reset_Handler
 .text.Default_Handler
                0x08000e20        0x2 ./Core/Startup/startup_stm32f103c8tx.o
                0x08000e20                RTC_Alarm_IRQHandler
                0x08000e20                EXTI2_IRQHandler
                0x08000e20                TIM1_CC_IRQHandler
                0x08000e20                PVD_IRQHandler
                0x08000e20                EXTI3_IRQHandler
                0x08000e20                EXTI0_IRQHandler
                0x08000e20                I2C2_EV_IRQHandler
                0x08000e20                ADC1_2_IRQHandler
                0x08000e20                SPI1_IRQHandler
                0x08000e20                TAMPER_IRQHandler
                0x08000e20                DMA1_Channel4_IRQHandler
                0x08000e20                USART3_IRQHandler
                0x08000e20                RTC_IRQHandler
                0x08000e20                DMA1_Channel7_IRQHandler
                0x08000e20                CAN1_RX1_IRQHandler
                0x08000e20                TIM4_IRQHandler
                0x08000e20                I2C1_EV_IRQHandler
                0x08000e20                DMA1_Channel6_IRQHandler
                0x08000e20                TIM3_IRQHandler
                0x08000e20                RCC_IRQHandler
                0x08000e20                TIM1_TRG_COM_IRQHandler
                0x08000e20                DMA1_Channel1_IRQHandler
                0x08000e20                Default_Handler
                0x08000e20                EXTI15_10_IRQHandler
                0x08000e20                EXTI9_5_IRQHandler
                0x08000e20                SPI2_IRQHandler
                0x08000e20                DMA1_Channel5_IRQHandler
                0x08000e20                EXTI4_IRQHandler
                0x08000e20                USB_LP_CAN1_RX0_IRQHandler
                0x08000e20                USB_HP_CAN1_TX_IRQHandler
                0x08000e20                DMA1_Channel3_IRQHandler
                0x08000e20                WWDG_IRQHandler
                0x08000e20                TIM1_BRK_IRQHandler
                0x08000e20                EXTI1_IRQHandler
                0x08000e20                USART2_IRQHandler
                0x08000e20                I2C2_ER_IRQHandler
                0x08000e20                DMA1_Channel2_IRQHandler
                0x08000e20                CAN1_SCE_IRQHandler
                0x08000e20                FLASH_IRQHandler
                0x08000e20                USART1_IRQHandler
                0x08000e20                I2C1_ER_IRQHandler
                0x08000e20                USBWakeUp_IRQHandler
 *fill*         0x08000e22        0x2 
 .text.HAL_Init
                0x08000e24       0x2c ./Drivers/STM32F1xx_HAL_Driver/Src/stm32f1xx_hal.o
                0x08000e24                HAL_Init
 .text.HAL_InitTick
                0x08000e50       0x60 ./Drivers/STM32F1xx_HAL_Driver/Src/stm32f1xx_hal.o
                0x08000e50                HAL_InitTick
 .text.HAL_IncTick
                0x08000eb0       0x24 ./Drivers/STM32F1xx_HAL_Driver/Src/stm32f1xx_hal.o
                0x08000eb0                HAL_IncTick
 .text.HAL_GetTick
                0x08000ed4       0x14 ./Drivers/STM32F1xx_HAL_Driver/Src/stm32f1xx_hal.o
                0x08000ed4                HAL_GetTick
 .text.HAL_Delay
                0x08000ee8       0x48 ./Drivers/STM32F1xx_HAL_Driver/Src/stm32f1xx_hal.o
                0x08000ee8                HAL_Delay
 .text.__NVIC_SetPriorityGrouping
                0x08000f30       0x48 ./Drivers/STM32F1xx_HAL_Driver/Src/stm32f1xx_hal_cortex.o
 .text.__NVIC_GetPriorityGrouping
                0x08000f78       0x1c ./Drivers/STM32F1xx_HAL_Driver/Src/stm32f1xx_hal_cortex.o
 .text.__NVIC_EnableIRQ
                0x08000f94       0x38 ./Drivers/STM32F1xx_HAL_Driver/Src/stm32f1xx_hal_cortex.o
 .text.__NVIC_SetPriority
                0x08000fcc       0x54 ./Drivers/STM32F1xx_HAL_Driver/Src/stm32f1xx_hal_cortex.o
 .text.NVIC_EncodePriority
                0x08001020       0x64 ./Drivers/STM32F1xx_HAL_Driver/Src/stm32f1xx_hal_cortex.o
 .text.SysTick_Config
                0x08001084       0x44 ./Drivers/STM32F1xx_HAL_Driver/Src/stm32f1xx_hal_cortex.o
 .text.HAL_NVIC_SetPriorityGrouping
                0x080010c8       0x16 ./Drivers/STM32F1xx_HAL_Driver/Src/stm32f1xx_hal_cortex.o
                0x080010c8                HAL_NVIC_SetPriorityGrouping
 .text.HAL_NVIC_SetPriority
                0x080010de       0x38 ./Drivers/STM32F1xx_HAL_Driver/Src/stm32f1xx_hal_cortex.o
                0x080010de                HAL_NVIC_SetPriority
 .text.HAL_NVIC_EnableIRQ
                0x08001116       0x1c ./Drivers/STM32F1xx_HAL_Driver/Src/stm32f1xx_hal_cortex.o
                0x08001116                HAL_NVIC_EnableIRQ
 .text.HAL_SYSTICK_Config
                0x08001132       0x18 ./Drivers/STM32F1xx_HAL_Driver/Src/stm32f1xx_hal_cortex.o
                0x08001132                HAL_SYSTICK_Config
 *fill*         0x0800114a        0x2 
 .text.HAL_GPIO_Init
                0x0800114c      0x308 ./Drivers/STM32F1xx_HAL_Driver/Src/stm32f1xx_hal_gpio.o
                0x0800114c                HAL_GPIO_Init
 .text.HAL_GPIO_WritePin
                0x08001454       0x30 ./Drivers/STM32F1xx_HAL_Driver/Src/stm32f1xx_hal_gpio.o
                0x08001454                HAL_GPIO_WritePin
 .text.HAL_I2C_Init
                0x08001484      0x288 ./Drivers/STM32F1xx_HAL_Driver/Src/stm32f1xx_hal_i2c.o
                0x08001484                HAL_I2C_Init
 .text.HAL_I2C_Mem_Write
                0x0800170c      0x1f4 ./Drivers/STM32F1xx_HAL_Driver/Src/stm32f1xx_hal_i2c.o
                0x0800170c                HAL_I2C_Mem_Write
 .text.I2C_RequestMemoryWrite
                0x08001900      0x12c ./Drivers/STM32F1xx_HAL_Driver/Src/stm32f1xx_hal_i2c.o
 .text.I2C_WaitOnFlagUntilTimeout
                0x08001a2c       0xf4 ./Drivers/STM32F1xx_HAL_Driver/Src/stm32f1xx_hal_i2c.o
 .text.I2C_WaitOnMasterAddressFlagUntilTimeout
                0x08001b20      0x140 ./Drivers/STM32F1xx_HAL_Driver/Src/stm32f1xx_hal_i2c.o
 .text.I2C_WaitOnTXEFlagUntilTimeout
                0x08001c60       0x90 ./Drivers/STM32F1xx_HAL_Driver/Src/stm32f1xx_hal_i2c.o
 .text.I2C_WaitOnBTFFlagUntilTimeout
                0x08001cf0       0x90 ./Drivers/STM32F1xx_HAL_Driver/Src/stm32f1xx_hal_i2c.o
 .text.I2C_IsAcknowledgeFailed
                0x08001d80       0x5c ./Drivers/STM32F1xx_HAL_Driver/Src/stm32f1xx_hal_i2c.o
 .text.HAL_RCC_OscConfig
                0x08001ddc      0x504 ./Drivers/STM32F1xx_HAL_Driver/Src/stm32f1xx_hal_rcc.o
                0x08001ddc                HAL_RCC_OscConfig
 .text.HAL_RCC_ClockConfig
                0x080022e0      0x1d4 ./Drivers/STM32F1xx_HAL_Driver/Src/stm32f1xx_hal_rcc.o
                0x080022e0                HAL_RCC_ClockConfig
 .text.HAL_RCC_GetSysClockFreq
                0x080024b4       0xa8 ./Drivers/STM32F1xx_HAL_Driver/Src/stm32f1xx_hal_rcc.o
                0x080024b4                HAL_RCC_GetSysClockFreq
 .text.HAL_RCC_GetHCLKFreq
                0x0800255c       0x14 ./Drivers/STM32F1xx_HAL_Driver/Src/stm32f1xx_hal_rcc.o
                0x0800255c                HAL_RCC_GetHCLKFreq
 .text.HAL_RCC_GetPCLK1Freq
                0x08002570       0x28 ./Drivers/STM32F1xx_HAL_Driver/Src/stm32f1xx_hal_rcc.o
                0x08002570                HAL_RCC_GetPCLK1Freq
 .text.RCC_Delay
                0x08002598       0x3c ./Drivers/STM32F1xx_HAL_Driver/Src/stm32f1xx_hal_rcc.o
 .text.HAL_TIM_Base_Init
                0x080025d4       0x9e ./Drivers/STM32F1xx_HAL_Driver/Src/stm32f1xx_hal_tim.o
                0x080025d4                HAL_TIM_Base_Init
 .text.HAL_TIM_IC_Init
                0x08002672       0x9e ./Drivers/STM32F1xx_HAL_Driver/Src/stm32f1xx_hal_tim.o
                0x08002672                HAL_TIM_IC_Init
 .text.HAL_TIM_IC_MspInit
                0x08002710       0x12 ./Drivers/STM32F1xx_HAL_Driver/Src/stm32f1xx_hal_tim.o
                0x08002710                HAL_TIM_IC_MspInit
 *fill*         0x08002722        0x2 
 .text.HAL_TIM_IC_Start_IT
                0x08002724      0x218 ./Drivers/STM32F1xx_HAL_Driver/Src/stm32f1xx_hal_tim.o
                0x08002724                HAL_TIM_IC_Start_IT
 .text.HAL_TIM_OnePulse_Init
                0x0800293c       0xa0 ./Drivers/STM32F1xx_HAL_Driver/Src/stm32f1xx_hal_tim.o
                0x0800293c                HAL_TIM_OnePulse_Init
 .text.HAL_TIM_OnePulse_MspInit
                0x080029dc       0x12 ./Drivers/STM32F1xx_HAL_Driver/Src/stm32f1xx_hal_tim.o
                0x080029dc                HAL_TIM_OnePulse_MspInit
 .text.HAL_TIM_IRQHandler
                0x080029ee      0x1e0 ./Drivers/STM32F1xx_HAL_Driver/Src/stm32f1xx_hal_tim.o
                0x080029ee                HAL_TIM_IRQHandler
 .text.HAL_TIM_IC_ConfigChannel
                0x08002bce      0x138 ./Drivers/STM32F1xx_HAL_Driver/Src/stm32f1xx_hal_tim.o
                0x08002bce                HAL_TIM_IC_ConfigChannel
 .text.HAL_TIM_ConfigClockSource
                0x08002d06      0x18e ./Drivers/STM32F1xx_HAL_Driver/Src/stm32f1xx_hal_tim.o
                0x08002d06                HAL_TIM_ConfigClockSource
 .text.HAL_TIM_SlaveConfigSynchro
                0x08002e94       0x84 ./Drivers/STM32F1xx_HAL_Driver/Src/stm32f1xx_hal_tim.o
                0x08002e94                HAL_TIM_SlaveConfigSynchro
 .text.HAL_TIM_ReadCapturedValue
                0x08002f18       0x88 ./Drivers/STM32F1xx_HAL_Driver/Src/stm32f1xx_hal_tim.o
                0x08002f18                HAL_TIM_ReadCapturedValue
 .text.HAL_TIM_PeriodElapsedCallback
                0x08002fa0       0x12 ./Drivers/STM32F1xx_HAL_Driver/Src/stm32f1xx_hal_tim.o
                0x08002fa0                HAL_TIM_PeriodElapsedCallback
 .text.HAL_TIM_OC_DelayElapsedCallback
                0x08002fb2       0x12 ./Drivers/STM32F1xx_HAL_Driver/Src/stm32f1xx_hal_tim.o
                0x08002fb2                HAL_TIM_OC_DelayElapsedCallback
 .text.HAL_TIM_PWM_PulseFinishedCallback
                0x08002fc4       0x12 ./Drivers/STM32F1xx_HAL_Driver/Src/stm32f1xx_hal_tim.o
                0x08002fc4                HAL_TIM_PWM_PulseFinishedCallback
 .text.HAL_TIM_TriggerCallback
                0x08002fd6       0x12 ./Drivers/STM32F1xx_HAL_Driver/Src/stm32f1xx_hal_tim.o
                0x08002fd6                HAL_TIM_TriggerCallback
 .text.TIM_Base_SetConfig
                0x08002fe8       0xdc ./Drivers/STM32F1xx_HAL_Driver/Src/stm32f1xx_hal_tim.o
                0x08002fe8                TIM_Base_SetConfig
 .text.TIM_SlaveTimer_SetConfig
                0x080030c4      0x122 ./Drivers/STM32F1xx_HAL_Driver/Src/stm32f1xx_hal_tim.o
 *fill*         0x080031e6        0x2 
 .text.TIM_TI1_SetConfig
                0x080031e8       0xb4 ./Drivers/STM32F1xx_HAL_Driver/Src/stm32f1xx_hal_tim.o
                0x080031e8                TIM_TI1_SetConfig
 .text.TIM_TI1_ConfigInputStage
                0x0800329c       0x5c ./Drivers/STM32F1xx_HAL_Driver/Src/stm32f1xx_hal_tim.o
 .text.TIM_TI2_SetConfig
                0x080032f8       0x78 ./Drivers/STM32F1xx_HAL_Driver/Src/stm32f1xx_hal_tim.o
 .text.TIM_TI2_ConfigInputStage
                0x08003370       0x5e ./Drivers/STM32F1xx_HAL_Driver/Src/stm32f1xx_hal_tim.o
 .text.TIM_TI3_SetConfig
                0x080033ce       0x76 ./Drivers/STM32F1xx_HAL_Driver/Src/stm32f1xx_hal_tim.o
 .text.TIM_TI4_SetConfig
                0x08003444       0x78 ./Drivers/STM32F1xx_HAL_Driver/Src/stm32f1xx_hal_tim.o
 .text.TIM_ITRx_SetConfig
                0x080034bc       0x34 ./Drivers/STM32F1xx_HAL_Driver/Src/stm32f1xx_hal_tim.o
 .text.TIM_ETR_SetConfig
                0x080034f0       0x3e ./Drivers/STM32F1xx_HAL_Driver/Src/stm32f1xx_hal_tim.o
                0x080034f0                TIM_ETR_SetConfig
 .text.TIM_CCxChannelCmd
                0x0800352e       0x48 ./Drivers/STM32F1xx_HAL_Driver/Src/stm32f1xx_hal_tim.o
                0x0800352e                TIM_CCxChannelCmd
 *fill*         0x08003576        0x2 
 .text.HAL_TIMEx_MasterConfigSynchronization
                0x08003578       0xbc ./Drivers/STM32F1xx_HAL_Driver/Src/stm32f1xx_hal_tim_ex.o
                0x08003578                HAL_TIMEx_MasterConfigSynchronization
 .text.HAL_TIMEx_CommutCallback
                0x08003634       0x12 ./Drivers/STM32F1xx_HAL_Driver/Src/stm32f1xx_hal_tim_ex.o
                0x08003634                HAL_TIMEx_CommutCallback
 .text.HAL_TIMEx_BreakCallback
                0x08003646       0x12 ./Drivers/STM32F1xx_HAL_Driver/Src/stm32f1xx_hal_tim_ex.o
                0x08003646                HAL_TIMEx_BreakCallback
 .text.sprintf  0x08003658       0x40 C:/STM_IDE/STM32CubeIDE_1.16.1/STM32CubeIDE/plugins/com.st.stm32cube.ide.mcu.externaltools.gnu-tools-for-stm32.12.3.rel1.win32_1.0.200.202406191623/tools/bin/../lib/gcc/arm-none-eabi/12.3.1/../../../../arm-none-eabi/lib/thumb/v7-m/nofp\libc_nano.a(libc_a-sprintf.o)
                0x08003658                siprintf
                0x08003658                sprintf
 .text.memset   0x08003698       0x10 C:/STM_IDE/STM32CubeIDE_1.16.1/STM32CubeIDE/plugins/com.st.stm32cube.ide.mcu.externaltools.gnu-tools-for-stm32.12.3.rel1.win32_1.0.200.202406191623/tools/bin/../lib/gcc/arm-none-eabi/12.3.1/../../../../arm-none-eabi/lib/thumb/v7-m/nofp\libc_nano.a(libc_a-memset.o)
                0x08003698                memset
 .text.__errno  0x080036a8        0xc C:/STM_IDE/STM32CubeIDE_1.16.1/STM32CubeIDE/plugins/com.st.stm32cube.ide.mcu.externaltools.gnu-tools-for-stm32.12.3.rel1.win32_1.0.200.202406191623/tools/bin/../lib/gcc/arm-none-eabi/12.3.1/../../../../arm-none-eabi/lib/thumb/v7-m/nofp\libc_nano.a(libc_a-errno.o)
                0x080036a8                __errno
 .text.__libc_init_array
                0x080036b4       0x48 C:/STM_IDE/STM32CubeIDE_1.16.1/STM32CubeIDE/plugins/com.st.stm32cube.ide.mcu.externaltools.gnu-tools-for-stm32.12.3.rel1.win32_1.0.200.202406191623/tools/bin/../lib/gcc/arm-none-eabi/12.3.1/../../../../arm-none-eabi/lib/thumb/v7-m/nofp\libc_nano.a(libc_a-init.o)
                0x080036b4                __libc_init_array
 .text.__retarget_lock_acquire_recursive
                0x080036fc        0x2 C:/STM_IDE/STM32CubeIDE_1.16.1/STM32CubeIDE/plugins/com.st.stm32cube.ide.mcu.externaltools.gnu-tools-for-stm32.12.3.rel1.win32_1.0.200.202406191623/tools/bin/../lib/gcc/arm-none-eabi/12.3.1/../../../../arm-none-eabi/lib/thumb/v7-m/nofp\libc_nano.a(libc_a-lock.o)
                0x080036fc                __retarget_lock_acquire_recursive
 .text.__retarget_lock_release_recursive
                0x080036fe        0x2 C:/STM_IDE/STM32CubeIDE_1.16.1/STM32CubeIDE/plugins/com.st.stm32cube.ide.mcu.externaltools.gnu-tools-for-stm32.12.3.rel1.win32_1.0.200.202406191623/tools/bin/../lib/gcc/arm-none-eabi/12.3.1/../../../../arm-none-eabi/lib/thumb/v7-m/nofp\libc_nano.a(libc_a-lock.o)
                0x080036fe                __retarget_lock_release_recursive
 .text.memcpy   0x08003700       0x1c C:/STM_IDE/STM32CubeIDE_1.16.1/STM32CubeIDE/plugins/com.st.stm32cube.ide.mcu.externaltools.gnu-tools-for-stm32.12.3.rel1.win32_1.0.200.202406191623/tools/bin/../lib/gcc/arm-none-eabi/12.3.1/../../../../arm-none-eabi/lib/thumb/v7-m/nofp\libc_nano.a(libc_a-memcpy-stub.o)
                0x08003700                memcpy
 .text._free_r  0x0800371c       0x90 C:/STM_IDE/STM32CubeIDE_1.16.1/STM32CubeIDE/plugins/com.st.stm32cube.ide.mcu.externaltools.gnu-tools-for-stm32.12.3.rel1.win32_1.0.200.202406191623/tools/bin/../lib/gcc/arm-none-eabi/12.3.1/../../../../arm-none-eabi/lib/thumb/v7-m/nofp\libc_nano.a(libc_a-freer.o)
                0x0800371c                _free_r
 .text.sbrk_aligned
                0x080037ac       0x44 C:/STM_IDE/STM32CubeIDE_1.16.1/STM32CubeIDE/plugins/com.st.stm32cube.ide.mcu.externaltools.gnu-tools-for-stm32.12.3.rel1.win32_1.0.200.202406191623/tools/bin/../lib/gcc/arm-none-eabi/12.3.1/../../../../arm-none-eabi/lib/thumb/v7-m/nofp\libc_nano.a(libc_a-mallocr.o)
 .text._malloc_r
                0x080037f0      0x100 C:/STM_IDE/STM32CubeIDE_1.16.1/STM32CubeIDE/plugins/com.st.stm32cube.ide.mcu.externaltools.gnu-tools-for-stm32.12.3.rel1.win32_1.0.200.202406191623/tools/bin/../lib/gcc/arm-none-eabi/12.3.1/../../../../arm-none-eabi/lib/thumb/v7-m/nofp\libc_nano.a(libc_a-mallocr.o)
                0x080037f0                _malloc_r
 .text.__malloc_lock
                0x080038f0        0xc C:/STM_IDE/STM32CubeIDE_1.16.1/STM32CubeIDE/plugins/com.st.stm32cube.ide.mcu.externaltools.gnu-tools-for-stm32.12.3.rel1.win32_1.0.200.202406191623/tools/bin/../lib/gcc/arm-none-eabi/12.3.1/../../../../arm-none-eabi/lib/thumb/v7-m/nofp\libc_nano.a(libc_a-mlock.o)
                0x080038f0                __malloc_lock
 .text.__malloc_unlock
                0x080038fc        0xc C:/STM_IDE/STM32CubeIDE_1.16.1/STM32CubeIDE/plugins/com.st.stm32cube.ide.mcu.externaltools.gnu-tools-for-stm32.12.3.rel1.win32_1.0.200.202406191623/tools/bin/../lib/gcc/arm-none-eabi/12.3.1/../../../../arm-none-eabi/lib/thumb/v7-m/nofp\libc_nano.a(libc_a-mlock.o)
                0x080038fc                __malloc_unlock
 .text.__ssputs_r
                0x08003908       0xb6 C:/STM_IDE/STM32CubeIDE_1.16.1/STM32CubeIDE/plugins/com.st.stm32cube.ide.mcu.externaltools.gnu-tools-for-stm32.12.3.rel1.win32_1.0.200.202406191623/tools/bin/../lib/gcc/arm-none-eabi/12.3.1/../../../../arm-none-eabi/lib/thumb/v7-m/nofp\libc_nano.a(libc_a-nano-svfprintf.o)
                0x08003908                __ssputs_r
 *fill*         0x080039be        0x2 
 .text._svfprintf_r
                0x080039c0      0x1f8 C:/STM_IDE/STM32CubeIDE_1.16.1/STM32CubeIDE/plugins/com.st.stm32cube.ide.mcu.externaltools.gnu-tools-for-stm32.12.3.rel1.win32_1.0.200.202406191623/tools/bin/../lib/gcc/arm-none-eabi/12.3.1/../../../../arm-none-eabi/lib/thumb/v7-m/nofp\libc_nano.a(libc_a-nano-svfprintf.o)
                0x080039c0                _svfiprintf_r
                0x080039c0                _svfprintf_r
 .text._printf_common
                0x08003bb8       0xe4 C:/STM_IDE/STM32CubeIDE_1.16.1/STM32CubeIDE/plugins/com.st.stm32cube.ide.mcu.externaltools.gnu-tools-for-stm32.12.3.rel1.win32_1.0.200.202406191623/tools/bin/../lib/gcc/arm-none-eabi/12.3.1/../../../../arm-none-eabi/lib/thumb/v7-m/nofp\libc_nano.a(libc_a-nano-vfprintf_i.o)
                0x08003bb8                _printf_common
 .text._printf_i
                0x08003c9c      0x240 C:/STM_IDE/STM32CubeIDE_1.16.1/STM32CubeIDE/plugins/com.st.stm32cube.ide.mcu.externaltools.gnu-tools-for-stm32.12.3.rel1.win32_1.0.200.202406191623/tools/bin/../lib/gcc/arm-none-eabi/12.3.1/../../../../arm-none-eabi/lib/thumb/v7-m/nofp\libc_nano.a(libc_a-nano-vfprintf_i.o)
                0x08003c9c                _printf_i
 .text.memmove  0x08003edc       0x34 C:/STM_IDE/STM32CubeIDE_1.16.1/STM32CubeIDE/plugins/com.st.stm32cube.ide.mcu.externaltools.gnu-tools-for-stm32.12.3.rel1.win32_1.0.200.202406191623/tools/bin/../lib/gcc/arm-none-eabi/12.3.1/../../../../arm-none-eabi/lib/thumb/v7-m/nofp\libc_nano.a(libc_a-memmove.o)
                0x08003edc                memmove
 .text._sbrk_r  0x08003f10       0x20 C:/STM_IDE/STM32CubeIDE_1.16.1/STM32CubeIDE/plugins/com.st.stm32cube.ide.mcu.externaltools.gnu-tools-for-stm32.12.3.rel1.win32_1.0.200.202406191623/tools/bin/../lib/gcc/arm-none-eabi/12.3.1/../../../../arm-none-eabi/lib/thumb/v7-m/nofp\libc_nano.a(libc_a-sbrkr.o)
                0x08003f10                _sbrk_r
 .text.memchr   0x08003f30       0x1c C:/STM_IDE/STM32CubeIDE_1.16.1/STM32CubeIDE/plugins/com.st.stm32cube.ide.mcu.externaltools.gnu-tools-for-stm32.12.3.rel1.win32_1.0.200.202406191623/tools/bin/../lib/gcc/arm-none-eabi/12.3.1/../../../../arm-none-eabi/lib/thumb/v7-m/nofp\libc_nano.a(libc_a-memchr-stub.o)
                0x08003f30                memchr
 .text._realloc_r
                0x08003f4c       0x5c C:/STM_IDE/STM32CubeIDE_1.16.1/STM32CubeIDE/plugins/com.st.stm32cube.ide.mcu.externaltools.gnu-tools-for-stm32.12.3.rel1.win32_1.0.200.202406191623/tools/bin/../lib/gcc/arm-none-eabi/12.3.1/../../../../arm-none-eabi/lib/thumb/v7-m/nofp\libc_nano.a(libc_a-reallocr.o)
                0x08003f4c                _realloc_r
 .text._malloc_usable_size_r
                0x08003fa8       0x10 C:/STM_IDE/STM32CubeIDE_1.16.1/STM32CubeIDE/plugins/com.st.stm32cube.ide.mcu.externaltools.gnu-tools-for-stm32.12.3.rel1.win32_1.0.200.202406191623/tools/bin/../lib/gcc/arm-none-eabi/12.3.1/../../../../arm-none-eabi/lib/thumb/v7-m/nofp\libc_nano.a(libc_a-msizer.o)
                0x08003fa8                _malloc_usable_size_r
 *(.glue_7)
 .glue_7        0x08003fb8        0x0 linker stubs
 *(.glue_7t)
 .glue_7t       0x08003fb8        0x0 linker stubs
 *(.eh_frame)
 .eh_frame      0x08003fb8        0x0 C:/STM_IDE/STM32CubeIDE_1.16.1/STM32CubeIDE/plugins/com.st.stm32cube.ide.mcu.externaltools.gnu-tools-for-stm32.12.3.rel1.win32_1.0.200.202406191623/tools/bin/../lib/gcc/arm-none-eabi/12.3.1/thumb/v7-m/nofp/crtbegin.o
 *(.init)
 .init          0x08003fb8        0x4 C:/STM_IDE/STM32CubeIDE_1.16.1/STM32CubeIDE/plugins/com.st.stm32cube.ide.mcu.externaltools.gnu-tools-for-stm32.12.3.rel1.win32_1.0.200.202406191623/tools/bin/../lib/gcc/arm-none-eabi/12.3.1/thumb/v7-m/nofp/crti.o
                0x08003fb8                _init
 .init          0x08003fbc        0x8 C:/STM_IDE/STM32CubeIDE_1.16.1/STM32CubeIDE/plugins/com.st.stm32cube.ide.mcu.externaltools.gnu-tools-for-stm32.12.3.rel1.win32_1.0.200.202406191623/tools/bin/../lib/gcc/arm-none-eabi/12.3.1/thumb/v7-m/nofp/crtn.o
 *(.fini)
 .fini          0x08003fc4        0x4 C:/STM_IDE/STM32CubeIDE_1.16.1/STM32CubeIDE/plugins/com.st.stm32cube.ide.mcu.externaltools.gnu-tools-for-stm32.12.3.rel1.win32_1.0.200.202406191623/tools/bin/../lib/gcc/arm-none-eabi/12.3.1/thumb/v7-m/nofp/crti.o
                0x08003fc4                _fini
 .fini          0x08003fc8        0x8 C:/STM_IDE/STM32CubeIDE_1.16.1/STM32CubeIDE/plugins/com.st.stm32cube.ide.mcu.externaltools.gnu-tools-for-stm32.12.3.rel1.win32_1.0.200.202406191623/tools/bin/../lib/gcc/arm-none-eabi/12.3.1/thumb/v7-m/nofp/crtn.o
                0x08003fd0                        . = ALIGN (0x4)
                0x08003fd0                        _etext = .

.vfp11_veneer   0x08003fd0        0x0
 .vfp11_veneer  0x08003fd0        0x0 linker stubs

.v4_bx          0x08003fd0        0x0
 .v4_bx         0x08003fd0        0x0 linker stubs

.iplt           0x08003fd0        0x0
 .iplt          0x08003fd0        0x0 C:/STM_IDE/STM32CubeIDE_1.16.1/STM32CubeIDE/plugins/com.st.stm32cube.ide.mcu.externaltools.gnu-tools-for-stm32.12.3.rel1.win32_1.0.200.202406191623/tools/bin/../lib/gcc/arm-none-eabi/12.3.1/thumb/v7-m/nofp/crtbegin.o

.rodata         0x08003fd0      0x688
                0x08003fd0                        . = ALIGN (0x4)
 *(.rodata)
 .rodata        0x08003fd0       0x2c ./Core/Src/display/oled_display.o
 *(.rodata*)
 .rodata.Font6x8
                0x08003ffc      0x5f0 ./Core/Src/display/ssd1306_fonts.o
 .rodata.Font_6x8
                0x080045ec        0xc ./Core/Src/display/ssd1306_fonts.o
                0x080045ec                Font_6x8
 .rodata.AHBPrescTable
                0x080045f8       0x10 ./Core/Src/system_stm32f1xx.o
                0x080045f8                AHBPrescTable
 .rodata.APBPrescTable
                0x08004608        0x8 ./Core/Src/system_stm32f1xx.o
                0x08004608                APBPrescTable
 .rodata.aPLLMULFactorTable.1
                0x08004610       0x10 ./Drivers/STM32F1xx_HAL_Driver/Src/stm32f1xx_hal_rcc.o
 .rodata.aPredivFactorTable.0
                0x08004620        0x2 ./Drivers/STM32F1xx_HAL_Driver/Src/stm32f1xx_hal_rcc.o
 .rodata._svfprintf_r.str1.1
                0x08004622       0x11 C:/STM_IDE/STM32CubeIDE_1.16.1/STM32CubeIDE/plugins/com.st.stm32cube.ide.mcu.externaltools.gnu-tools-for-stm32.12.3.rel1.win32_1.0.200.202406191623/tools/bin/../lib/gcc/arm-none-eabi/12.3.1/../../../../arm-none-eabi/lib/thumb/v7-m/nofp\libc_nano.a(libc_a-nano-svfprintf.o)
 .rodata._printf_i.str1.1
                0x08004633       0x22 C:/STM_IDE/STM32CubeIDE_1.16.1/STM32CubeIDE/plugins/com.st.stm32cube.ide.mcu.externaltools.gnu-tools-for-stm32.12.3.rel1.win32_1.0.200.202406191623/tools/bin/../lib/gcc/arm-none-eabi/12.3.1/../../../../arm-none-eabi/lib/thumb/v7-m/nofp\libc_nano.a(libc_a-nano-vfprintf_i.o)
                0x08004658                        . = ALIGN (0x4)
 *fill*         0x08004655        0x3 

.ARM.extab      0x08004658        0x0
                0x08004658                        . = ALIGN (0x4)
 *(.ARM.extab* .gnu.linkonce.armextab.*)
                0x08004658                        . = ALIGN (0x4)

.ARM            0x08004658        0x0
                0x08004658                        . = ALIGN (0x4)
                0x08004658                        __exidx_start = .
 *(.ARM.exidx*)
                0x08004658                        __exidx_end = .
                0x08004658                        . = ALIGN (0x4)

.preinit_array  0x08004658        0x0
                0x08004658                        . = ALIGN (0x4)
                0x08004658                        PROVIDE (__preinit_array_start = .)
 *(.preinit_array*)
                0x08004658                        PROVIDE (__preinit_array_end = .)
                0x08004658                        . = ALIGN (0x4)

.init_array     0x08004658        0x4
                0x08004658                        . = ALIGN (0x4)
                0x08004658                        PROVIDE (__init_array_start = .)
 *(SORT_BY_NAME(.init_array.*))
 *(.init_array*)
 .init_array    0x08004658        0x4 C:/STM_IDE/STM32CubeIDE_1.16.1/STM32CubeIDE/plugins/com.st.stm32cube.ide.mcu.externaltools.gnu-tools-for-stm32.12.3.rel1.win32_1.0.200.202406191623/tools/bin/../lib/gcc/arm-none-eabi/12.3.1/thumb/v7-m/nofp/crtbegin.o
                0x0800465c                        PROVIDE (__init_array_end = .)
                0x0800465c                        . = ALIGN (0x4)

.fini_array     0x0800465c        0x4
                0x0800465c                        . = ALIGN (0x4)
                [!provide]                        PROVIDE (__fini_array_start = .)
 *(SORT_BY_NAME(.fini_array.*))
 *(.fini_array*)
 .fini_array    0x0800465c        0x4 C:/STM_IDE/STM32CubeIDE_1.16.1/STM32CubeIDE/plugins/com.st.stm32cube.ide.mcu.externaltools.gnu-tools-for-stm32.12.3.rel1.win32_1.0.200.202406191623/tools/bin/../lib/gcc/arm-none-eabi/12.3.1/thumb/v7-m/nofp/crtbegin.o
                [!provide]                        PROVIDE (__fini_array_end = .)
                0x08004660                        . = ALIGN (0x4)
                0x08004660                        _sidata = LOADADDR (.data)

.rel.dyn        0x08004660        0x0
 .rel.iplt      0x08004660        0x0 C:/STM_IDE/STM32CubeIDE_1.16.1/STM32CubeIDE/plugins/com.st.stm32cube.ide.mcu.externaltools.gnu-tools-for-stm32.12.3.rel1.win32_1.0.200.202406191623/tools/bin/../lib/gcc/arm-none-eabi/12.3.1/thumb/v7-m/nofp/crtbegin.o

.data           0x20000000       0x5c load address 0x08004660
                0x20000000                        . = ALIGN (0x4)
                0x20000000                        _sdata = .
 *(.data)
 *(.data*)
 .data.SystemCoreClock
                0x20000000        0x4 ./Core/Src/system_stm32f1xx.o
                0x20000000                SystemCoreClock
 .data.uwTickPrio
                0x20000004        0x4 ./Drivers/STM32F1xx_HAL_Driver/Src/stm32f1xx_hal.o
                0x20000004                uwTickPrio
 .data.uwTickFreq
                0x20000008        0x1 ./Drivers/STM32F1xx_HAL_Driver/Src/stm32f1xx_hal.o
                0x20000008                uwTickFreq
 *fill*         0x20000009        0x3 
 .data._impure_ptr
                0x2000000c        0x4 C:/STM_IDE/STM32CubeIDE_1.16.1/STM32CubeIDE/plugins/com.st.stm32cube.ide.mcu.externaltools.gnu-tools-for-stm32.12.3.rel1.win32_1.0.200.202406191623/tools/bin/../lib/gcc/arm-none-eabi/12.3.1/../../../../arm-none-eabi/lib/thumb/v7-m/nofp\libc_nano.a(libc_a-impure.o)
                0x2000000c                _impure_ptr
 .data._impure_data
                0x20000010       0x4c C:/STM_IDE/STM32CubeIDE_1.16.1/STM32CubeIDE/plugins/com.st.stm32cube.ide.mcu.externaltools.gnu-tools-for-stm32.12.3.rel1.win32_1.0.200.202406191623/tools/bin/../lib/gcc/arm-none-eabi/12.3.1/../../../../arm-none-eabi/lib/thumb/v7-m/nofp\libc_nano.a(libc_a-impure.o)
                0x20000010                _impure_data
 *(.RamFunc)
 *(.RamFunc*)
                0x2000005c                        . = ALIGN (0x4)
                0x2000005c                        _edata = .

.igot.plt       0x2000005c        0x0 load address 0x080046bc
 .igot.plt      0x2000005c        0x0 C:/STM_IDE/STM32CubeIDE_1.16.1/STM32CubeIDE/plugins/com.st.stm32cube.ide.mcu.externaltools.gnu-tools-for-stm32.12.3.rel1.win32_1.0.200.202406191623/tools/bin/../lib/gcc/arm-none-eabi/12.3.1/thumb/v7-m/nofp/crtbegin.o
                0x2000005c                        . = ALIGN (0x4)

.bss            0x2000005c      0x660 load address 0x080046bc
                0x2000005c                        _sbss = .
                0x2000005c                        __bss_start__ = _sbss
 *(.bss)
 .bss           0x2000005c       0x1c C:/STM_IDE/STM32CubeIDE_1.16.1/STM32CubeIDE/plugins/com.st.stm32cube.ide.mcu.externaltools.gnu-tools-for-stm32.12.3.rel1.win32_1.0.200.202406191623/tools/bin/../lib/gcc/arm-none-eabi/12.3.1/thumb/v7-m/nofp/crtbegin.o
 *(.bss*)
 .bss.SSD1306_Buffer
                0x20000078      0x400 ./Core/Src/display/ssd1306.o
 .bss.SSD1306   0x20000478        0x6 ./Core/Src/display/ssd1306.o
 *fill*         0x2000047e        0x2 
 .bss.hi2c1     0x20000480       0x54 ./Core/Src/main.o
                0x20000480                hi2c1
 .bss.htim1     0x200004d4       0x48 ./Core/Src/main.o
                0x200004d4                htim1
 .bss.htim2     0x2000051c       0x48 ./Core/Src/main.o
                0x2000051c                htim2
 .bss.pulse_us  0x20000564        0x4 ./Core/Src/main.o
                0x20000564                pulse_us
 .bss.distance_update_flag
                0x20000568        0x1 ./Core/Src/main.o
                0x20000568                distance_update_flag
 *fill*         0x20000569        0x1 
 .bss.distance  0x2000056a        0x2 ./Core/Src/main.o
                0x2000056a                distance
 .bss.__sbrk_heap_end
                0x2000056c        0x4 ./Core/Src/sysmem.o
 .bss.uwTick    0x20000570        0x4 ./Drivers/STM32F1xx_HAL_Driver/Src/stm32f1xx_hal.o
                0x20000570                uwTick
 .bss.__sf      0x20000574      0x138 C:/STM_IDE/STM32CubeIDE_1.16.1/STM32CubeIDE/plugins/com.st.stm32cube.ide.mcu.externaltools.gnu-tools-for-stm32.12.3.rel1.win32_1.0.200.202406191623/tools/bin/../lib/gcc/arm-none-eabi/12.3.1/../../../../arm-none-eabi/lib/thumb/v7-m/nofp\libc_nano.a(libc_a-findfp.o)
                0x20000574                __sf
 .bss.errno     0x200006ac        0x4 C:/STM_IDE/STM32CubeIDE_1.16.1/STM32CubeIDE/plugins/com.st.stm32cube.ide.mcu.externaltools.gnu-tools-for-stm32.12.3.rel1.win32_1.0.200.202406191623/tools/bin/../lib/gcc/arm-none-eabi/12.3.1/../../../../arm-none-eabi/lib/thumb/v7-m/nofp\libc_nano.a(libc_a-reent.o)
                0x200006ac                errno
 .bss.__lock___malloc_recursive_mutex
                0x200006b0        0x1 C:/STM_IDE/STM32CubeIDE_1.16.1/STM32CubeIDE/plugins/com.st.stm32cube.ide.mcu.externaltools.gnu-tools-for-stm32.12.3.rel1.win32_1.0.200.202406191623/tools/bin/../lib/gcc/arm-none-eabi/12.3.1/../../../../arm-none-eabi/lib/thumb/v7-m/nofp\libc_nano.a(libc_a-lock.o)
                0x200006b0                __lock___malloc_recursive_mutex
 *fill*         0x200006b1        0x3 
 .bss.__malloc_sbrk_start
                0x200006b4        0x4 C:/STM_IDE/STM32CubeIDE_1.16.1/STM32CubeIDE/plugins/com.st.stm32cube.ide.mcu.externaltools.gnu-tools-for-stm32.12.3.rel1.win32_1.0.200.202406191623/tools/bin/../lib/gcc/arm-none-eabi/12.3.1/../../../../arm-none-eabi/lib/thumb/v7-m/nofp\libc_nano.a(libc_a-mallocr.o)
                0x200006b4                __malloc_sbrk_start
 .bss.__malloc_free_list
                0x200006b8        0x4 C:/STM_IDE/STM32CubeIDE_1.16.1/STM32CubeIDE/plugins/com.st.stm32cube.ide.mcu.externaltools.gnu-tools-for-stm32.12.3.rel1.win32_1.0.200.202406191623/tools/bin/../lib/gcc/arm-none-eabi/12.3.1/../../../../arm-none-eabi/lib/thumb/v7-m/nofp\libc_nano.a(libc_a-mallocr.o)
                0x200006b8                __malloc_free_list
 *(COMMON)
                0x200006bc                        . = ALIGN (0x4)
                0x200006bc                        _ebss = .
                0x200006bc                        __bss_end__ = _ebss

._user_heap_stack
                0x200006bc      0x604 load address 0x080046bc
                0x200006c0                        . = ALIGN (0x8)
 *fill*         0x200006bc        0x4 
                [!provide]                        PROVIDE (end = .)
                0x200006c0                        PROVIDE (_end = .)
                0x200008c0                        . = (. + _Min_Heap_Size)
 *fill*         0x200006c0      0x200 
                0x20000cc0                        . = (. + _Min_Stack_Size)
 *fill*         0x200008c0      0x400 
                0x20000cc0                        . = ALIGN (0x8)

/DISCARD/
 libc.a(*)
 libm.a(*)
 libgcc.a(*)

.ARM.attributes
                0x00000000       0x29
 *(.ARM.attributes)
 .ARM.attributes
                0x00000000       0x1d C:/STM_IDE/STM32CubeIDE_1.16.1/STM32CubeIDE/plugins/com.st.stm32cube.ide.mcu.externaltools.gnu-tools-for-stm32.12.3.rel1.win32_1.0.200.202406191623/tools/bin/../lib/gcc/arm-none-eabi/12.3.1/thumb/v7-m/nofp/crti.o
 .ARM.attributes
                0x0000001d       0x2d C:/STM_IDE/STM32CubeIDE_1.16.1/STM32CubeIDE/plugins/com.st.stm32cube.ide.mcu.externaltools.gnu-tools-for-stm32.12.3.rel1.win32_1.0.200.202406191623/tools/bin/../lib/gcc/arm-none-eabi/12.3.1/thumb/v7-m/nofp/crtbegin.o
 .ARM.attributes
                0x0000004a       0x2d ./Core/Src/display/oled_display.o
 .ARM.attributes
                0x00000077       0x2d ./Core/Src/display/ssd1306.o
 .ARM.attributes
                0x000000a4       0x2d ./Core/Src/display/ssd1306_fonts.o
 .ARM.attributes
                0x000000d1       0x2d ./Core/Src/main.o
 .ARM.attributes
                0x000000fe       0x2d ./Core/Src/stm32f1xx_hal_msp.o
 .ARM.attributes
                0x0000012b       0x2d ./Core/Src/stm32f1xx_it.o
 .ARM.attributes
                0x00000158       0x2d ./Core/Src/sysmem.o
 .ARM.attributes
                0x00000185       0x2d ./Core/Src/system_stm32f1xx.o
 .ARM.attributes
                0x000001b2       0x21 ./Core/Startup/startup_stm32f103c8tx.o
 .ARM.attributes
                0x000001d3       0x2d ./Drivers/STM32F1xx_HAL_Driver/Src/stm32f1xx_hal.o
 .ARM.attributes
                0x00000200       0x2d ./Drivers/STM32F1xx_HAL_Driver/Src/stm32f1xx_hal_cortex.o
 .ARM.attributes
                0x0000022d       0x2d ./Drivers/STM32F1xx_HAL_Driver/Src/stm32f1xx_hal_gpio.o
 .ARM.attributes
                0x0000025a       0x2d ./Drivers/STM32F1xx_HAL_Driver/Src/stm32f1xx_hal_i2c.o
 .ARM.attributes
                0x00000287       0x2d ./Drivers/STM32F1xx_HAL_Driver/Src/stm32f1xx_hal_rcc.o
 .ARM.attributes
                0x000002b4       0x2d ./Drivers/STM32F1xx_HAL_Driver/Src/stm32f1xx_hal_tim.o
 .ARM.attributes
                0x000002e1       0x2d ./Drivers/STM32F1xx_HAL_Driver/Src/stm32f1xx_hal_tim_ex.o
 .ARM.attributes
                0x0000030e       0x2d C:/STM_IDE/STM32CubeIDE_1.16.1/STM32CubeIDE/plugins/com.st.stm32cube.ide.mcu.externaltools.gnu-tools-for-stm32.12.3.rel1.win32_1.0.200.202406191623/tools/bin/../lib/gcc/arm-none-eabi/12.3.1/../../../../arm-none-eabi/lib/thumb/v7-m/nofp\libc_nano.a(libc_a-findfp.o)
 .ARM.attributes
                0x0000033b       0x2d C:/STM_IDE/STM32CubeIDE_1.16.1/STM32CubeIDE/plugins/com.st.stm32cube.ide.mcu.externaltools.gnu-tools-for-stm32.12.3.rel1.win32_1.0.200.202406191623/tools/bin/../lib/gcc/arm-none-eabi/12.3.1/../../../../arm-none-eabi/lib/thumb/v7-m/nofp\libc_nano.a(libc_a-sprintf.o)
 .ARM.attributes
                0x00000368       0x2d C:/STM_IDE/STM32CubeIDE_1.16.1/STM32CubeIDE/plugins/com.st.stm32cube.ide.mcu.externaltools.gnu-tools-for-stm32.12.3.rel1.win32_1.0.200.202406191623/tools/bin/../lib/gcc/arm-none-eabi/12.3.1/../../../../arm-none-eabi/lib/thumb/v7-m/nofp\libc_nano.a(libc_a-memset.o)
 .ARM.attributes
                0x00000395       0x2d C:/STM_IDE/STM32CubeIDE_1.16.1/STM32CubeIDE/plugins/com.st.stm32cube.ide.mcu.externaltools.gnu-tools-for-stm32.12.3.rel1.win32_1.0.200.202406191623/tools/bin/../lib/gcc/arm-none-eabi/12.3.1/../../../../arm-none-eabi/lib/thumb/v7-m/nofp\libc_nano.a(libc_a-reent.o)
 .ARM.attributes
                0x000003c2       0x2d C:/STM_IDE/STM32CubeIDE_1.16.1/STM32CubeIDE/plugins/com.st.stm32cube.ide.mcu.externaltools.gnu-tools-for-stm32.12.3.rel1.win32_1.0.200.202406191623/tools/bin/../lib/gcc/arm-none-eabi/12.3.1/../../../../arm-none-eabi/lib/thumb/v7-m/nofp\libc_nano.a(libc_a-impure.o)
 .ARM.attributes
                0x000003ef       0x2d C:/STM_IDE/STM32CubeIDE_1.16.1/STM32CubeIDE/plugins/com.st.stm32cube.ide.mcu.externaltools.gnu-tools-for-stm32.12.3.rel1.win32_1.0.200.202406191623/tools/bin/../lib/gcc/arm-none-eabi/12.3.1/../../../../arm-none-eabi/lib/thumb/v7-m/nofp\libc_nano.a(libc_a-errno.o)
 .ARM.attributes
                0x0000041c       0x2d C:/STM_IDE/STM32CubeIDE_1.16.1/STM32CubeIDE/plugins/com.st.stm32cube.ide.mcu.externaltools.gnu-tools-for-stm32.12.3.rel1.win32_1.0.200.202406191623/tools/bin/../lib/gcc/arm-none-eabi/12.3.1/../../../../arm-none-eabi/lib/thumb/v7-m/nofp\libc_nano.a(libc_a-init.o)
 .ARM.attributes
                0x00000449       0x2d C:/STM_IDE/STM32CubeIDE_1.16.1/STM32CubeIDE/plugins/com.st.stm32cube.ide.mcu.externaltools.gnu-tools-for-stm32.12.3.rel1.win32_1.0.200.202406191623/tools/bin/../lib/gcc/arm-none-eabi/12.3.1/../../../../arm-none-eabi/lib/thumb/v7-m/nofp\libc_nano.a(libc_a-lock.o)
 .ARM.attributes
                0x00000476       0x2d C:/STM_IDE/STM32CubeIDE_1.16.1/STM32CubeIDE/plugins/com.st.stm32cube.ide.mcu.externaltools.gnu-tools-for-stm32.12.3.rel1.win32_1.0.200.202406191623/tools/bin/../lib/gcc/arm-none-eabi/12.3.1/../../../../arm-none-eabi/lib/thumb/v7-m/nofp\libc_nano.a(libc_a-memcpy-stub.o)
 .ARM.attributes
                0x000004a3       0x2d C:/STM_IDE/STM32CubeIDE_1.16.1/STM32CubeIDE/plugins/com.st.stm32cube.ide.mcu.externaltools.gnu-tools-for-stm32.12.3.rel1.win32_1.0.200.202406191623/tools/bin/../lib/gcc/arm-none-eabi/12.3.1/../../../../arm-none-eabi/lib/thumb/v7-m/nofp\libc_nano.a(libc_a-freer.o)
 .ARM.attributes
                0x000004d0       0x2d C:/STM_IDE/STM32CubeIDE_1.16.1/STM32CubeIDE/plugins/com.st.stm32cube.ide.mcu.externaltools.gnu-tools-for-stm32.12.3.rel1.win32_1.0.200.202406191623/tools/bin/../lib/gcc/arm-none-eabi/12.3.1/../../../../arm-none-eabi/lib/thumb/v7-m/nofp\libc_nano.a(libc_a-mallocr.o)
 .ARM.attributes
                0x000004fd       0x2d C:/STM_IDE/STM32CubeIDE_1.16.1/STM32CubeIDE/plugins/com.st.stm32cube.ide.mcu.externaltools.gnu-tools-for-stm32.12.3.rel1.win32_1.0.200.202406191623/tools/bin/../lib/gcc/arm-none-eabi/12.3.1/../../../../arm-none-eabi/lib/thumb/v7-m/nofp\libc_nano.a(libc_a-mlock.o)
 .ARM.attributes
                0x0000052a       0x2d C:/STM_IDE/STM32CubeIDE_1.16.1/STM32CubeIDE/plugins/com.st.stm32cube.ide.mcu.externaltools.gnu-tools-for-stm32.12.3.rel1.win32_1.0.200.202406191623/tools/bin/../lib/gcc/arm-none-eabi/12.3.1/../../../../arm-none-eabi/lib/thumb/v7-m/nofp\libc_nano.a(libc_a-nano-svfprintf.o)
 .ARM.attributes
                0x00000557       0x2d C:/STM_IDE/STM32CubeIDE_1.16.1/STM32CubeIDE/plugins/com.st.stm32cube.ide.mcu.externaltools.gnu-tools-for-stm32.12.3.rel1.win32_1.0.200.202406191623/tools/bin/../lib/gcc/arm-none-eabi/12.3.1/../../../../arm-none-eabi/lib/thumb/v7-m/nofp\libc_nano.a(libc_a-nano-vfprintf_i.o)
 .ARM.attributes
                0x00000584       0x2d C:/STM_IDE/STM32CubeIDE_1.16.1/STM32CubeIDE/plugins/com.st.stm32cube.ide.mcu.externaltools.gnu-tools-for-stm32.12.3.rel1.win32_1.0.200.202406191623/tools/bin/../lib/gcc/arm-none-eabi/12.3.1/../../../../arm-none-eabi/lib/thumb/v7-m/nofp\libc_nano.a(libc_a-memmove.o)
 .ARM.attributes
                0x000005b1       0x2d C:/STM_IDE/STM32CubeIDE_1.16.1/STM32CubeIDE/plugins/com.st.stm32cube.ide.mcu.externaltools.gnu-tools-for-stm32.12.3.rel1.win32_1.0.200.202406191623/tools/bin/../lib/gcc/arm-none-eabi/12.3.1/../../../../arm-none-eabi/lib/thumb/v7-m/nofp\libc_nano.a(libc_a-sbrkr.o)
 .ARM.attributes
                0x000005de       0x2d C:/STM_IDE/STM32CubeIDE_1.16.1/STM32CubeIDE/plugins/com.st.stm32cube.ide.mcu.externaltools.gnu-tools-for-stm32.12.3.rel1.win32_1.0.200.202406191623/tools/bin/../lib/gcc/arm-none-eabi/12.3.1/../../../../arm-none-eabi/lib/thumb/v7-m/nofp\libc_nano.a(libc_a-memchr-stub.o)
 .ARM.attributes
                0x0000060b       0x2d C:/STM_IDE/STM32CubeIDE_1.16.1/STM32CubeIDE/plugins/com.st.stm32cube.ide.mcu.externaltools.gnu-tools-for-stm32.12.3.rel1.win32_1.0.200.202406191623/tools/bin/../lib/gcc/arm-none-eabi/12.3.1/../../../../arm-none-eabi/lib/thumb/v7-m/nofp\libc_nano.a(libc_a-reallocr.o)
 .ARM.attributes
                0x00000638       0x2d C:/STM_IDE/STM32CubeIDE_1.16.1/STM32CubeIDE/plugins/com.st.stm32cube.ide.mcu.externaltools.gnu-tools-for-stm32.12.3.rel1.win32_1.0.200.202406191623/tools/bin/../lib/gcc/arm-none-eabi/12.3.1/../../../../arm-none-eabi/lib/thumb/v7-m/nofp\libc_nano.a(libc_a-msizer.o)
 .ARM.attributes
                0x00000665       0x1d C:/STM_IDE/STM32CubeIDE_1.16.1/STM32CubeIDE/plugins/com.st.stm32cube.ide.mcu.externaltools.gnu-tools-for-stm32.12.3.rel1.win32_1.0.200.202406191623/tools/bin/../lib/gcc/arm-none-eabi/12.3.1/thumb/v7-m/nofp/crtn.o
OUTPUT(HC_SR04_Ultrasonic_Sensing.elf elf32-littlearm)
LOAD linker stubs
LOAD C:/STM_IDE/STM32CubeIDE_1.16.1/STM32CubeIDE/plugins/com.st.stm32cube.ide.mcu.externaltools.gnu-tools-for-stm32.12.3.rel1.win32_1.0.200.202406191623/tools/bin/../lib/gcc/arm-none-eabi/12.3.1/../../../../arm-none-eabi/lib/thumb/v7-m/nofp\libc.a
LOAD C:/STM_IDE/STM32CubeIDE_1.16.1/STM32CubeIDE/plugins/com.st.stm32cube.ide.mcu.externaltools.gnu-tools-for-stm32.12.3.rel1.win32_1.0.200.202406191623/tools/bin/../lib/gcc/arm-none-eabi/12.3.1/../../../../arm-none-eabi/lib/thumb/v7-m/nofp\libm.a
LOAD C:/STM_IDE/STM32CubeIDE_1.16.1/STM32CubeIDE/plugins/com.st.stm32cube.ide.mcu.externaltools.gnu-tools-for-stm32.12.3.rel1.win32_1.0.200.202406191623/tools/bin/../lib/gcc/arm-none-eabi/12.3.1/thumb/v7-m/nofp\libgcc.a

.debug_info     0x00000000     0xc450
 .debug_info    0x00000000      0x229 ./Core/Src/display/oled_display.o
 .debug_info    0x00000229     0x122b ./Core/Src/display/ssd1306.o
 .debug_info    0x00001454      0x2a4 ./Core/Src/display/ssd1306_fonts.o
 .debug_info    0x000016f8     0x127f ./Core/Src/main.o
 .debug_info    0x00002977      0xdc3 ./Core/Src/stm32f1xx_hal_msp.o
 .debug_info    0x0000373a      0x739 ./Core/Src/stm32f1xx_it.o
 .debug_info    0x00003e73      0x168 ./Core/Src/sysmem.o
 .debug_info    0x00003fdb      0x222 ./Core/Src/system_stm32f1xx.o
 .debug_info    0x000041fd       0x30 ./Core/Startup/startup_stm32f103c8tx.o
 .debug_info    0x0000422d      0x704 ./Drivers/STM32F1xx_HAL_Driver/Src/stm32f1xx_hal.o
 .debug_info    0x00004931      0xa87 ./Drivers/STM32F1xx_HAL_Driver/Src/stm32f1xx_hal_cortex.o
 .debug_info    0x000053b8      0x5ab ./Drivers/STM32F1xx_HAL_Driver/Src/stm32f1xx_hal_gpio.o
 .debug_info    0x00005963     0x2524 ./Drivers/STM32F1xx_HAL_Driver/Src/stm32f1xx_hal_i2c.o
 .debug_info    0x00007e87      0x7d5 ./Drivers/STM32F1xx_HAL_Driver/Src/stm32f1xx_hal_rcc.o
 .debug_info    0x0000865c     0x2959 ./Drivers/STM32F1xx_HAL_Driver/Src/stm32f1xx_hal_tim.o
 .debug_info    0x0000afb5     0x149b ./Drivers/STM32F1xx_HAL_Driver/Src/stm32f1xx_hal_tim_ex.o

.debug_abbrev   0x00000000     0x1f9b
 .debug_abbrev  0x00000000      0x155 ./Core/Src/display/oled_display.o
 .debug_abbrev  0x00000155      0x371 ./Core/Src/display/ssd1306.o
 .debug_abbrev  0x000004c6       0xcf ./Core/Src/display/ssd1306_fonts.o
 .debug_abbrev  0x00000595      0x325 ./Core/Src/main.o
 .debug_abbrev  0x000008ba      0x1d5 ./Core/Src/stm32f1xx_hal_msp.o
 .debug_abbrev  0x00000a8f      0x1db ./Core/Src/stm32f1xx_it.o
 .debug_abbrev  0x00000c6a       0xbc ./Core/Src/sysmem.o
 .debug_abbrev  0x00000d26      0x13f ./Core/Src/system_stm32f1xx.o
 .debug_abbrev  0x00000e65       0x24 ./Core/Startup/startup_stm32f103c8tx.o
 .debug_abbrev  0x00000e89      0x201 ./Drivers/STM32F1xx_HAL_Driver/Src/stm32f1xx_hal.o
 .debug_abbrev  0x0000108a      0x2f8 ./Drivers/STM32F1xx_HAL_Driver/Src/stm32f1xx_hal_cortex.o
 .debug_abbrev  0x00001382      0x1ca ./Drivers/STM32F1xx_HAL_Driver/Src/stm32f1xx_hal_gpio.o
 .debug_abbrev  0x0000154c      0x2a3 ./Drivers/STM32F1xx_HAL_Driver/Src/stm32f1xx_hal_i2c.o
 .debug_abbrev  0x000017ef      0x2b3 ./Drivers/STM32F1xx_HAL_Driver/Src/stm32f1xx_hal_rcc.o
 .debug_abbrev  0x00001aa2      0x277 ./Drivers/STM32F1xx_HAL_Driver/Src/stm32f1xx_hal_tim.o
 .debug_abbrev  0x00001d19      0x282 ./Drivers/STM32F1xx_HAL_Driver/Src/stm32f1xx_hal_tim_ex.o

.debug_aranges  0x00000000      0xd58
 .debug_aranges
                0x00000000       0x28 ./Core/Src/display/oled_display.o
 .debug_aranges
                0x00000028       0xe8 ./Core/Src/display/ssd1306.o
 .debug_aranges
                0x00000110       0x18 ./Core/Src/display/ssd1306_fonts.o
 .debug_aranges
                0x00000128       0x60 ./Core/Src/main.o
 .debug_aranges
                0x00000188       0x40 ./Core/Src/stm32f1xx_hal_msp.o
 .debug_aranges
                0x000001c8       0x78 ./Core/Src/stm32f1xx_it.o
 .debug_aranges
                0x00000240       0x20 ./Core/Src/sysmem.o
 .debug_aranges
                0x00000260       0x28 ./Core/Src/system_stm32f1xx.o
 .debug_aranges
                0x00000288       0x28 ./Core/Startup/startup_stm32f103c8tx.o
 .debug_aranges
                0x000002b0       0xe0 ./Drivers/STM32F1xx_HAL_Driver/Src/stm32f1xx_hal.o
 .debug_aranges
                0x00000390      0x100 ./Drivers/STM32F1xx_HAL_Driver/Src/stm32f1xx_hal_cortex.o
 .debug_aranges
                0x00000490       0x58 ./Drivers/STM32F1xx_HAL_Driver/Src/stm32f1xx_hal_gpio.o
 .debug_aranges
                0x000004e8      0x2a8 ./Drivers/STM32F1xx_HAL_Driver/Src/stm32f1xx_hal_i2c.o
 .debug_aranges
                0x00000790       0x90 ./Drivers/STM32F1xx_HAL_Driver/Src/stm32f1xx_hal_rcc.o
 .debug_aranges
                0x00000820      0x3d0 ./Drivers/STM32F1xx_HAL_Driver/Src/stm32f1xx_hal_tim.o
 .debug_aranges
                0x00000bf0      0x168 ./Drivers/STM32F1xx_HAL_Driver/Src/stm32f1xx_hal_tim_ex.o

.debug_rnglists
                0x00000000      0xa60
 .debug_rnglists
                0x00000000       0x19 ./Core/Src/display/oled_display.o
 .debug_rnglists
                0x00000019       0xb4 ./Core/Src/display/ssd1306.o
 .debug_rnglists
                0x000000cd       0x48 ./Core/Src/main.o
 .debug_rnglists
                0x00000115       0x2c ./Core/Src/stm32f1xx_hal_msp.o
 .debug_rnglists
                0x00000141       0x55 ./Core/Src/stm32f1xx_it.o
 .debug_rnglists
                0x00000196       0x13 ./Core/Src/sysmem.o
 .debug_rnglists
                0x000001a9       0x1a ./Core/Src/system_stm32f1xx.o
 .debug_rnglists
                0x000001c3       0x19 ./Core/Startup/startup_stm32f103c8tx.o
 .debug_rnglists
                0x000001dc       0xa3 ./Drivers/STM32F1xx_HAL_Driver/Src/stm32f1xx_hal.o
 .debug_rnglists
                0x0000027f       0xbb ./Drivers/STM32F1xx_HAL_Driver/Src/stm32f1xx_hal_cortex.o
 .debug_rnglists
                0x0000033a       0x3f ./Drivers/STM32F1xx_HAL_Driver/Src/stm32f1xx_hal_gpio.o
 .debug_rnglists
                0x00000379      0x23c ./Drivers/STM32F1xx_HAL_Driver/Src/stm32f1xx_hal_i2c.o
 .debug_rnglists
                0x000005b5       0x6c ./Drivers/STM32F1xx_HAL_Driver/Src/stm32f1xx_hal_rcc.o
 .debug_rnglists
                0x00000621      0x31a ./Drivers/STM32F1xx_HAL_Driver/Src/stm32f1xx_hal_tim.o
 .debug_rnglists
                0x0000093b      0x125 ./Drivers/STM32F1xx_HAL_Driver/Src/stm32f1xx_hal_tim_ex.o

.debug_macro    0x00000000    0x181c6
 .debug_macro   0x00000000      0x2b5 ./Core/Src/display/oled_display.o
 .debug_macro   0x000002b5      0xaa8 ./Core/Src/display/oled_display.o
 .debug_macro   0x00000d5d      0x21b ./Core/Src/display/oled_display.o
 .debug_macro   0x00000f78       0x2e ./Core/Src/display/oled_display.o
 .debug_macro   0x00000fa6       0x22 ./Core/Src/display/oled_display.o
 .debug_macro   0x00000fc8       0x22 ./Core/Src/display/oled_display.o
 .debug_macro   0x00000fea       0x8e ./Core/Src/display/oled_display.o
 .debug_macro   0x00001078       0x51 ./Core/Src/display/oled_display.o
 .debug_macro   0x000010c9      0x103 ./Core/Src/display/oled_display.o
 .debug_macro   0x000011cc       0x6a ./Core/Src/display/oled_display.o
 .debug_macro   0x00001236      0x1df ./Core/Src/display/oled_display.o
 .debug_macro   0x00001415       0x1c ./Core/Src/display/oled_display.o
 .debug_macro   0x00001431       0x22 ./Core/Src/display/oled_display.o
 .debug_macro   0x00001453       0xbd ./Core/Src/display/oled_display.o
 .debug_macro   0x00001510      0xd23 ./Core/Src/display/oled_display.o
 .debug_macro   0x00002233     0xe09e ./Core/Src/display/oled_display.o
 .debug_macro   0x000102d1       0x6d ./Core/Src/display/oled_display.o
 .debug_macro   0x0001033e     0x34a2 ./Core/Src/display/oled_display.o
 .debug_macro   0x000137e0      0x189 ./Core/Src/display/oled_display.o
 .debug_macro   0x00013969       0x5c ./Core/Src/display/oled_display.o
 .debug_macro   0x000139c5      0x5bc ./Core/Src/display/oled_display.o
 .debug_macro   0x00013f81      0x289 ./Core/Src/display/oled_display.o
 .debug_macro   0x0001420a      0x1cb ./Core/Src/display/oled_display.o
 .debug_macro   0x000143d5      0x114 ./Core/Src/display/oled_display.o
 .debug_macro   0x000144e9      0x1b2 ./Core/Src/display/oled_display.o
 .debug_macro   0x0001469b       0x27 ./Core/Src/display/oled_display.o
 .debug_macro   0x000146c2      0x136 ./Core/Src/display/oled_display.o
 .debug_macro   0x000147f8      0x1bc ./Core/Src/display/oled_display.o
 .debug_macro   0x000149b4       0x34 ./Core/Src/display/oled_display.o
 .debug_macro   0x000149e8       0x3c ./Core/Src/display/oled_display.o
 .debug_macro   0x00014a24       0x57 ./Core/Src/display/oled_display.o
 .debug_macro   0x00014a7b       0x87 ./Core/Src/display/oled_display.o
 .debug_macro   0x00014b02      0x240 ./Core/Src/display/oled_display.o
 .debug_macro   0x00014d42      0x287 ./Core/Src/display/oled_display.o
 .debug_macro   0x00014fc9      0x140 ./Core/Src/display/oled_display.o
 .debug_macro   0x00015109      0x8ed ./Core/Src/display/oled_display.o
 .debug_macro   0x000159f6       0x83 ./Core/Src/display/oled_display.o
 .debug_macro   0x00015a79       0x61 ./Core/Src/display/oled_display.o
 .debug_macro   0x00015ada       0x24 ./Core/Src/display/oled_display.o
 .debug_macro   0x00015afe       0x43 ./Core/Src/display/oled_display.o
 .debug_macro   0x00015b41       0x34 ./Core/Src/display/oled_display.o
 .debug_macro   0x00015b75       0x46 ./Core/Src/display/oled_display.o
 .debug_macro   0x00015bbb       0x4c ./Core/Src/display/oled_display.o
 .debug_macro   0x00015c07       0x16 ./Core/Src/display/oled_display.o
 .debug_macro   0x00015c1d       0x35 ./Core/Src/display/oled_display.o
 .debug_macro   0x00015c52      0x369 ./Core/Src/display/oled_display.o
 .debug_macro   0x00015fbb       0x10 ./Core/Src/display/oled_display.o
 .debug_macro   0x00015fcb       0x16 ./Core/Src/display/oled_display.o
 .debug_macro   0x00015fe1       0x43 ./Core/Src/display/oled_display.o
 .debug_macro   0x00016024       0x34 ./Core/Src/display/oled_display.o
 .debug_macro   0x00016058       0x10 ./Core/Src/display/oled_display.o
 .debug_macro   0x00016068       0x58 ./Core/Src/display/oled_display.o
 .debug_macro   0x000160c0       0x8e ./Core/Src/display/oled_display.o
 .debug_macro   0x0001614e       0x1c ./Core/Src/display/oled_display.o
 .debug_macro   0x0001616a      0x177 ./Core/Src/display/oled_display.o
 .debug_macro   0x000162e1       0x16 ./Core/Src/display/oled_display.o
 .debug_macro   0x000162f7       0x16 ./Core/Src/display/oled_display.o
 .debug_macro   0x0001630d      0x146 ./Core/Src/display/oled_display.o
 .debug_macro   0x00016453      0x2ce ./Core/Src/display/ssd1306.o
 .debug_macro   0x00016721       0x28 ./Core/Src/display/ssd1306.o
 .debug_macro   0x00016749      0x19b ./Core/Src/display/ssd1306.o
 .debug_macro   0x000168e4       0x16 ./Core/Src/display/ssd1306.o
 .debug_macro   0x000168fa       0x16 ./Core/Src/display/ssd1306.o
 .debug_macro   0x00016910       0x29 ./Core/Src/display/ssd1306.o
 .debug_macro   0x00016939       0x16 ./Core/Src/display/ssd1306.o
 .debug_macro   0x0001694f       0x20 ./Core/Src/display/ssd1306.o
 .debug_macro   0x0001696f      0x1f9 ./Core/Src/display/ssd1306_fonts.o
 .debug_macro   0x00016b68      0x1b7 ./Core/Src/main.o
 .debug_macro   0x00016d1f      0x1ad ./Core/Src/stm32f1xx_hal_msp.o
 .debug_macro   0x00016ecc      0x1b7 ./Core/Src/stm32f1xx_it.o
 .debug_macro   0x00017083       0xff ./Core/Src/sysmem.o
 .debug_macro   0x00017182      0x23c ./Core/Src/sysmem.o
 .debug_macro   0x000173be      0x1a3 ./Core/Src/system_stm32f1xx.o
 .debug_macro   0x00017561      0x1c7 ./Drivers/STM32F1xx_HAL_Driver/Src/stm32f1xx_hal.o
 .debug_macro   0x00017728      0x1a3 ./Drivers/STM32F1xx_HAL_Driver/Src/stm32f1xx_hal_cortex.o
 .debug_macro   0x000178cb      0x20e ./Drivers/STM32F1xx_HAL_Driver/Src/stm32f1xx_hal_gpio.o
 .debug_macro   0x00017ad9      0x1f1 ./Drivers/STM32F1xx_HAL_Driver/Src/stm32f1xx_hal_i2c.o
 .debug_macro   0x00017cca      0x1b5 ./Drivers/STM32F1xx_HAL_Driver/Src/stm32f1xx_hal_rcc.o
 .debug_macro   0x00017e7f      0x1a4 ./Drivers/STM32F1xx_HAL_Driver/Src/stm32f1xx_hal_tim.o
 .debug_macro   0x00018023      0x1a3 ./Drivers/STM32F1xx_HAL_Driver/Src/stm32f1xx_hal_tim_ex.o

.debug_line     0x00000000    0x10296
 .debug_line    0x00000000      0x99d ./Core/Src/display/oled_display.o
 .debug_line    0x0000099d     0x122d ./Core/Src/display/ssd1306.o
 .debug_line    0x00001bca      0x8e9 ./Core/Src/display/ssd1306_fonts.o
 .debug_line    0x000024b3      0x961 ./Core/Src/main.o
 .debug_line    0x00002e14      0x7a0 ./Core/Src/stm32f1xx_hal_msp.o
 .debug_line    0x000035b4      0x80c ./Core/Src/stm32f1xx_it.o
 .debug_line    0x00003dc0      0x654 ./Core/Src/sysmem.o
 .debug_line    0x00004414      0x766 ./Core/Src/system_stm32f1xx.o
 .debug_line    0x00004b7a       0x78 ./Core/Startup/startup_stm32f103c8tx.o
 .debug_line    0x00004bf2      0x993 ./Drivers/STM32F1xx_HAL_Driver/Src/stm32f1xx_hal.o
 .debug_line    0x00005585      0xb7f ./Drivers/STM32F1xx_HAL_Driver/Src/stm32f1xx_hal_cortex.o
 .debug_line    0x00006104      0xa2c ./Drivers/STM32F1xx_HAL_Driver/Src/stm32f1xx_hal_gpio.o
 .debug_line    0x00006b30     0x3c30 ./Drivers/STM32F1xx_HAL_Driver/Src/stm32f1xx_hal_i2c.o
 .debug_line    0x0000a760      0xd9c ./Drivers/STM32F1xx_HAL_Driver/Src/stm32f1xx_hal_rcc.o
 .debug_line    0x0000b4fc     0x34b8 ./Drivers/STM32F1xx_HAL_Driver/Src/stm32f1xx_hal_tim.o
 .debug_line    0x0000e9b4     0x18e2 ./Drivers/STM32F1xx_HAL_Driver/Src/stm32f1xx_hal_tim_ex.o

.debug_str      0x00000000    0x8b60e
 .debug_str     0x00000000    0x86a0e ./Core/Src/display/oled_display.o
                              0x86d66 (size before relaxing)
 .debug_str     0x00086a0e     0x114a ./Core/Src/display/ssd1306.o
                              0x878b3 (size before relaxing)
 .debug_str     0x00087b58       0x93 ./Core/Src/display/ssd1306_fonts.o
                              0x83938 (size before relaxing)
 .debug_str     0x00087beb      0x7eb ./Core/Src/main.o
                              0x840c0 (size before relaxing)
 .debug_str     0x000883d6      0x367 ./Core/Src/stm32f1xx_hal_msp.o
                              0x83eb8 (size before relaxing)
 .debug_str     0x0008873d      0x126 ./Core/Src/stm32f1xx_it.o
                              0x8390f (size before relaxing)
 .debug_str     0x00088863      0x4dc ./Core/Src/sysmem.o
                               0x606b (size before relaxing)
 .debug_str     0x00088d3f       0x6e ./Core/Src/system_stm32f1xx.o
                              0x833b1 (size before relaxing)
 .debug_str     0x00088dad       0x44 ./Core/Startup/startup_stm32f103c8tx.o
                                 0x76 (size before relaxing)
 .debug_str     0x00088df1      0x37f ./Drivers/STM32F1xx_HAL_Driver/Src/stm32f1xx_hal.o
                              0x83ae4 (size before relaxing)
 .debug_str     0x00089170      0x27a ./Drivers/STM32F1xx_HAL_Driver/Src/stm32f1xx_hal_cortex.o
                              0x83a30 (size before relaxing)
 .debug_str     0x000893ea      0x2e6 ./Drivers/STM32F1xx_HAL_Driver/Src/stm32f1xx_hal_gpio.o
                              0x83737 (size before relaxing)
 .debug_str     0x000896d0      0xbbd ./Drivers/STM32F1xx_HAL_Driver/Src/stm32f1xx_hal_i2c.o
                              0x84478 (size before relaxing)
 .debug_str     0x0008a28d      0x209 ./Drivers/STM32F1xx_HAL_Driver/Src/stm32f1xx_hal_rcc.o
                              0x837e0 (size before relaxing)
 .debug_str     0x0008a496      0xce5 ./Drivers/STM32F1xx_HAL_Driver/Src/stm32f1xx_hal_tim.o
                              0x847e2 (size before relaxing)
 .debug_str     0x0008b17b      0x493 ./Drivers/STM32F1xx_HAL_Driver/Src/stm32f1xx_hal_tim_ex.o
                              0x83fee (size before relaxing)

.comment        0x00000000       0x43
 .comment       0x00000000       0x43 ./Core/Src/display/oled_display.o
                                 0x44 (size before relaxing)
 .comment       0x00000043       0x44 ./Core/Src/display/ssd1306.o
 .comment       0x00000043       0x44 ./Core/Src/display/ssd1306_fonts.o
 .comment       0x00000043       0x44 ./Core/Src/main.o
 .comment       0x00000043       0x44 ./Core/Src/stm32f1xx_hal_msp.o
 .comment       0x00000043       0x44 ./Core/Src/stm32f1xx_it.o
 .comment       0x00000043       0x44 ./Core/Src/sysmem.o
 .comment       0x00000043       0x44 ./Core/Src/system_stm32f1xx.o
 .comment       0x00000043       0x44 ./Drivers/STM32F1xx_HAL_Driver/Src/stm32f1xx_hal.o
 .comment       0x00000043       0x44 ./Drivers/STM32F1xx_HAL_Driver/Src/stm32f1xx_hal_cortex.o
 .comment       0x00000043       0x44 ./Drivers/STM32F1xx_HAL_Driver/Src/stm32f1xx_hal_gpio.o
 .comment       0x00000043       0x44 ./Drivers/STM32F1xx_HAL_Driver/Src/stm32f1xx_hal_i2c.o
 .comment       0x00000043       0x44 ./Drivers/STM32F1xx_HAL_Driver/Src/stm32f1xx_hal_rcc.o
 .comment       0x00000043       0x44 ./Drivers/STM32F1xx_HAL_Driver/Src/stm32f1xx_hal_tim.o
 .comment       0x00000043       0x44 ./Drivers/STM32F1xx_HAL_Driver/Src/stm32f1xx_hal_tim_ex.o

.debug_frame    0x00000000     0x3cfc
 .debug_frame   0x00000000       0x50 ./Core/Src/display/oled_display.o
 .debug_frame   0x00000050      0x3e0 ./Core/Src/display/ssd1306.o
 .debug_frame   0x00000430      0x138 ./Core/Src/main.o
 .debug_frame   0x00000568       0xc8 ./Core/Src/stm32f1xx_hal_msp.o
 .debug_frame   0x00000630      0x160 ./Core/Src/stm32f1xx_it.o
 .debug_frame   0x00000790       0x34 ./Core/Src/sysmem.o
 .debug_frame   0x000007c4       0x58 ./Core/Src/system_stm32f1xx.o
 .debug_frame   0x0000081c      0x334 ./Drivers/STM32F1xx_HAL_Driver/Src/stm32f1xx_hal.o
 .debug_frame   0x00000b50      0x428 ./Drivers/STM32F1xx_HAL_Driver/Src/stm32f1xx_hal_cortex.o
 .debug_frame   0x00000f78      0x14c ./Drivers/STM32F1xx_HAL_Driver/Src/stm32f1xx_hal_gpio.o
 .debug_frame   0x000010c4      0xc84 ./Drivers/STM32F1xx_HAL_Driver/Src/stm32f1xx_hal_i2c.o
 .debug_frame   0x00001d48      0x218 ./Drivers/STM32F1xx_HAL_Driver/Src/stm32f1xx_hal_rcc.o
 .debug_frame   0x00001f60     0x11b8 ./Drivers/STM32F1xx_HAL_Driver/Src/stm32f1xx_hal_tim.o
 .debug_frame   0x00003118      0x638 ./Drivers/STM32F1xx_HAL_Driver/Src/stm32f1xx_hal_tim_ex.o
 .debug_frame   0x00003750      0x144 C:/STM_IDE/STM32CubeIDE_1.16.1/STM32CubeIDE/plugins/com.st.stm32cube.ide.mcu.externaltools.gnu-tools-for-stm32.12.3.rel1.win32_1.0.200.202406191623/tools/bin/../lib/gcc/arm-none-eabi/12.3.1/../../../../arm-none-eabi/lib/thumb/v7-m/nofp\libc_nano.a(libc_a-findfp.o)
 .debug_frame   0x00003894       0x6c C:/STM_IDE/STM32CubeIDE_1.16.1/STM32CubeIDE/plugins/com.st.stm32cube.ide.mcu.externaltools.gnu-tools-for-stm32.12.3.rel1.win32_1.0.200.202406191623/tools/bin/../lib/gcc/arm-none-eabi/12.3.1/../../../../arm-none-eabi/lib/thumb/v7-m/nofp\libc_nano.a(libc_a-sprintf.o)
 .debug_frame   0x00003900       0x20 C:/STM_IDE/STM32CubeIDE_1.16.1/STM32CubeIDE/plugins/com.st.stm32cube.ide.mcu.externaltools.gnu-tools-for-stm32.12.3.rel1.win32_1.0.200.202406191623/tools/bin/../lib/gcc/arm-none-eabi/12.3.1/../../../../arm-none-eabi/lib/thumb/v7-m/nofp\libc_nano.a(libc_a-memset.o)
 .debug_frame   0x00003920       0x38 C:/STM_IDE/STM32CubeIDE_1.16.1/STM32CubeIDE/plugins/com.st.stm32cube.ide.mcu.externaltools.gnu-tools-for-stm32.12.3.rel1.win32_1.0.200.202406191623/tools/bin/../lib/gcc/arm-none-eabi/12.3.1/../../../../arm-none-eabi/lib/thumb/v7-m/nofp\libc_nano.a(libc_a-reent.o)
 .debug_frame   0x00003958       0x20 C:/STM_IDE/STM32CubeIDE_1.16.1/STM32CubeIDE/plugins/com.st.stm32cube.ide.mcu.externaltools.gnu-tools-for-stm32.12.3.rel1.win32_1.0.200.202406191623/tools/bin/../lib/gcc/arm-none-eabi/12.3.1/../../../../arm-none-eabi/lib/thumb/v7-m/nofp\libc_nano.a(libc_a-errno.o)
 .debug_frame   0x00003978       0x2c C:/STM_IDE/STM32CubeIDE_1.16.1/STM32CubeIDE/plugins/com.st.stm32cube.ide.mcu.externaltools.gnu-tools-for-stm32.12.3.rel1.win32_1.0.200.202406191623/tools/bin/../lib/gcc/arm-none-eabi/12.3.1/../../../../arm-none-eabi/lib/thumb/v7-m/nofp\libc_nano.a(libc_a-init.o)
 .debug_frame   0x000039a4       0xb0 C:/STM_IDE/STM32CubeIDE_1.16.1/STM32CubeIDE/plugins/com.st.stm32cube.ide.mcu.externaltools.gnu-tools-for-stm32.12.3.rel1.win32_1.0.200.202406191623/tools/bin/../lib/gcc/arm-none-eabi/12.3.1/../../../../arm-none-eabi/lib/thumb/v7-m/nofp\libc_nano.a(libc_a-lock.o)
 .debug_frame   0x00003a54       0x28 C:/STM_IDE/STM32CubeIDE_1.16.1/STM32CubeIDE/plugins/com.st.stm32cube.ide.mcu.externaltools.gnu-tools-for-stm32.12.3.rel1.win32_1.0.200.202406191623/tools/bin/../lib/gcc/arm-none-eabi/12.3.1/../../../../arm-none-eabi/lib/thumb/v7-m/nofp\libc_nano.a(libc_a-memcpy-stub.o)
 .debug_frame   0x00003a7c       0x38 C:/STM_IDE/STM32CubeIDE_1.16.1/STM32CubeIDE/plugins/com.st.stm32cube.ide.mcu.externaltools.gnu-tools-for-stm32.12.3.rel1.win32_1.0.200.202406191623/tools/bin/../lib/gcc/arm-none-eabi/12.3.1/../../../../arm-none-eabi/lib/thumb/v7-m/nofp\libc_nano.a(libc_a-freer.o)
 .debug_frame   0x00003ab4       0x50 C:/STM_IDE/STM32CubeIDE_1.16.1/STM32CubeIDE/plugins/com.st.stm32cube.ide.mcu.externaltools.gnu-tools-for-stm32.12.3.rel1.win32_1.0.200.202406191623/tools/bin/../lib/gcc/arm-none-eabi/12.3.1/../../../../arm-none-eabi/lib/thumb/v7-m/nofp\libc_nano.a(libc_a-mallocr.o)
 .debug_frame   0x00003b04       0x30 C:/STM_IDE/STM32CubeIDE_1.16.1/STM32CubeIDE/plugins/com.st.stm32cube.ide.mcu.externaltools.gnu-tools-for-stm32.12.3.rel1.win32_1.0.200.202406191623/tools/bin/../lib/gcc/arm-none-eabi/12.3.1/../../../../arm-none-eabi/lib/thumb/v7-m/nofp\libc_nano.a(libc_a-mlock.o)
 .debug_frame   0x00003b34       0x90 C:/STM_IDE/STM32CubeIDE_1.16.1/STM32CubeIDE/plugins/com.st.stm32cube.ide.mcu.externaltools.gnu-tools-for-stm32.12.3.rel1.win32_1.0.200.202406191623/tools/bin/../lib/gcc/arm-none-eabi/12.3.1/../../../../arm-none-eabi/lib/thumb/v7-m/nofp\libc_nano.a(libc_a-nano-svfprintf.o)
 .debug_frame   0x00003bc4       0x60 C:/STM_IDE/STM32CubeIDE_1.16.1/STM32CubeIDE/plugins/com.st.stm32cube.ide.mcu.externaltools.gnu-tools-for-stm32.12.3.rel1.win32_1.0.200.202406191623/tools/bin/../lib/gcc/arm-none-eabi/12.3.1/../../../../arm-none-eabi/lib/thumb/v7-m/nofp\libc_nano.a(libc_a-nano-vfprintf_i.o)
 .debug_frame   0x00003c24       0x28 C:/STM_IDE/STM32CubeIDE_1.16.1/STM32CubeIDE/plugins/com.st.stm32cube.ide.mcu.externaltools.gnu-tools-for-stm32.12.3.rel1.win32_1.0.200.202406191623/tools/bin/../lib/gcc/arm-none-eabi/12.3.1/../../../../arm-none-eabi/lib/thumb/v7-m/nofp\libc_nano.a(libc_a-memmove.o)
 .debug_frame   0x00003c4c       0x2c C:/STM_IDE/STM32CubeIDE_1.16.1/STM32CubeIDE/plugins/com.st.stm32cube.ide.mcu.externaltools.gnu-tools-for-stm32.12.3.rel1.win32_1.0.200.202406191623/tools/bin/../lib/gcc/arm-none-eabi/12.3.1/../../../../arm-none-eabi/lib/thumb/v7-m/nofp\libc_nano.a(libc_a-sbrkr.o)
 .debug_frame   0x00003c78       0x28 C:/STM_IDE/STM32CubeIDE_1.16.1/STM32CubeIDE/plugins/com.st.stm32cube.ide.mcu.externaltools.gnu-tools-for-stm32.12.3.rel1.win32_1.0.200.202406191623/tools/bin/../lib/gcc/arm-none-eabi/12.3.1/../../../../arm-none-eabi/lib/thumb/v7-m/nofp\libc_nano.a(libc_a-memchr-stub.o)
 .debug_frame   0x00003ca0       0x3c C:/STM_IDE/STM32CubeIDE_1.16.1/STM32CubeIDE/plugins/com.st.stm32cube.ide.mcu.externaltools.gnu-tools-for-stm32.12.3.rel1.win32_1.0.200.202406191623/tools/bin/../lib/gcc/arm-none-eabi/12.3.1/../../../../arm-none-eabi/lib/thumb/v7-m/nofp\libc_nano.a(libc_a-reallocr.o)
 .debug_frame   0x00003cdc       0x20 C:/STM_IDE/STM32CubeIDE_1.16.1/STM32CubeIDE/plugins/com.st.stm32cube.ide.mcu.externaltools.gnu-tools-for-stm32.12.3.rel1.win32_1.0.200.202406191623/tools/bin/../lib/gcc/arm-none-eabi/12.3.1/../../../../arm-none-eabi/lib/thumb/v7-m/nofp\libc_nano.a(libc_a-msizer.o)

.debug_line_str
                0x00000000       0x5a
 .debug_line_str
                0x00000000       0x5a ./Core/Startup/startup_stm32f103c8tx.o
