../Core/Src/display/ssd1306.c:8:6:ssd1306_Reset	4	static
../Core/Src/display/ssd1306.c:13:6:ssd1306_WriteCommand	32	static
../Core/Src/display/ssd1306.c:19:6:ssd1306_WriteData	32	static
../Core/Src/display/ssd1306.c:64:17:ssd1306_FillBuffer	24	static
../Core/Src/display/ssd1306.c:74:6:ssd1306_Init	8	static
../Core/Src/display/ssd1306.c:176:6:ssd1306_Fill	16	static
../Core/Src/display/ssd1306.c:182:6:ssd1306_UpdateScreen	16	static
../Core/Src/display/ssd1306.c:203:6:ssd1306_DrawPixel	16	static
../Core/Src/display/ssd1306.c:223:6:ssd1306_WriteChar	48	static
../Core/Src/display/ssd1306.c:259:6:ssd1306_WriteString	32	static
../Core/Src/display/ssd1306.c:273:6:ssd1306_SetCursor	16	static
../Core/Src/display/ssd1306.c:279:6:ssd1306_Line	48	static
../Core/Src/display/ssd1306.c:307:6:ssd1306_Polyline	40	static
../Core/Src/display/ssd1306.c:323:14:ssd1306_DegToRad	16	static
../Core/Src/display/ssd1306.c:328:17:ssd1306_NormalizeTo0_360	24	static
../Core/Src/display/ssd1306.c:344:6:ssd1306_DrawArc	56	static
../Core/Src/display/ssd1306.c:385:6:ssd1306_DrawArcWithRadiusLine	64	static
../Core/Src/display/ssd1306.c:430:6:ssd1306_DrawCircle	40	static
../Core/Src/display/ssd1306.c:466:6:ssd1306_FillCircle	48	static
../Core/Src/display/ssd1306.c:503:6:ssd1306_DrawRectangle	32	static
../Core/Src/display/ssd1306.c:514:6:ssd1306_FillRectangle	32	static
../Core/Src/display/ssd1306.c:529:17:ssd1306_InvertRectangle	32	static
../Core/Src/display/ssd1306.c:561:6:ssd1306_DrawBitmap	24	static
../Core/Src/display/ssd1306.c:587:6:ssd1306_SetContrast	24	static
../Core/Src/display/ssd1306.c:593:6:ssd1306_SetDisplayOn	24	static
../Core/Src/display/ssd1306.c:605:9:ssd1306_GetDisplayOn	4	static
